ARM Linker, 5.03 [Build 24] [MDK-ARM Standard]

==============================================================================

Section Cross References

    startup_stm32f10x_hd.o(STACK) refers (Special) to heapauxi.o(.text) for __use_two_region_memory
    startup_stm32f10x_hd.o(HEAP) refers (Special) to heapauxi.o(.text) for __use_two_region_memory
    startup_stm32f10x_hd.o(RESET) refers (Special) to heapauxi.o(.text) for __use_two_region_memory
    startup_stm32f10x_hd.o(RESET) refers to startup_stm32f10x_hd.o(STACK) for __initial_sp
    startup_stm32f10x_hd.o(RESET) refers to startup_stm32f10x_hd.o(.text) for Reset_Handler
    startup_stm32f10x_hd.o(RESET) refers to stm32f10x_it.o(i.NMI_Handler) for NMI_Handler
    startup_stm32f10x_hd.o(RESET) refers to stm32f10x_it.o(i.HardFault_Handler) for HardFault_Handler
    startup_stm32f10x_hd.o(RESET) refers to stm32f10x_it.o(i.MemManage_Handler) for MemManage_Handler
    startup_stm32f10x_hd.o(RESET) refers to stm32f10x_it.o(i.BusFault_Handler) for BusFault_Handler
    startup_stm32f10x_hd.o(RESET) refers to stm32f10x_it.o(i.UsageFault_Handler) for UsageFault_Handler
    startup_stm32f10x_hd.o(RESET) refers to stm32f10x_it.o(i.SVC_Handler) for SVC_Handler
    startup_stm32f10x_hd.o(RESET) refers to stm32f10x_it.o(i.DebugMon_Handler) for DebugMon_Handler
    startup_stm32f10x_hd.o(RESET) refers to stm32f10x_it.o(i.PendSV_Handler) for PendSV_Handler
    startup_stm32f10x_hd.o(RESET) refers to stm32f10x_it.o(i.SysTick_Handler) for SysTick_Handler
    startup_stm32f10x_hd.o(RESET) refers to stm32f10x_it.o(i.PVD_IRQHandler) for PVD_IRQHandler
    startup_stm32f10x_hd.o(RESET) refers to stm32f10x_it.o(i.RTC_IRQHandler) for RTC_IRQHandler
    startup_stm32f10x_hd.o(RESET) refers to stm32f10x_it.o(i.DMA1_Channel1_IRQHandler) for DMA1_Channel1_IRQHandler
    startup_stm32f10x_hd.o(RESET) refers to stm32f10x_it.o(i.USB_LP_CAN1_RX0_IRQHandler) for USB_LP_CAN1_RX0_IRQHandler
    startup_stm32f10x_hd.o(RESET) refers to stm32f10x_it.o(i.EXTI9_5_IRQHandler) for EXTI9_5_IRQHandler
    startup_stm32f10x_hd.o(RESET) refers to stm32f10x_it.o(i.USART1_IRQHandler) for USART1_IRQHandler
    startup_stm32f10x_hd.o(RESET) refers to stm32f10x_it.o(i.USART2_IRQHandler) for USART2_IRQHandler
    startup_stm32f10x_hd.o(RESET) refers to stm32f10x_it.o(i.USART3_IRQHandler) for USART3_IRQHandler
    startup_stm32f10x_hd.o(RESET) refers to stm32f10x_it.o(i.EXTI15_10_IRQHandler) for EXTI15_10_IRQHandler
    startup_stm32f10x_hd.o(RESET) refers to stm32f10x_it.o(i.RTCAlarm_IRQHandler) for RTCAlarm_IRQHandler
    startup_stm32f10x_hd.o(RESET) refers to stm32f10x_it.o(i.UART4_IRQHandler) for UART4_IRQHandler
    startup_stm32f10x_hd.o(.text) refers (Special) to heapauxi.o(.text) for __use_two_region_memory
    startup_stm32f10x_hd.o(.text) refers to system_stm32f10x.o(i.SystemInit) for SystemInit
    startup_stm32f10x_hd.o(.text) refers to __main.o(!!!main) for __main
    startup_stm32f10x_hd.o(.text) refers to startup_stm32f10x_hd.o(HEAP) for Heap_Mem
    startup_stm32f10x_hd.o(.text) refers to startup_stm32f10x_hd.o(STACK) for Stack_Mem
    system_stm32f10x.o(i.SetSysClock) refers to system_stm32f10x.o(i.SetSysClockTo72) for SetSysClockTo72
    system_stm32f10x.o(i.SystemCoreClockUpdate) refers to system_stm32f10x.o(.data) for SystemCoreClock
    system_stm32f10x.o(i.SystemInit) refers to system_stm32f10x.o(i.SetSysClock) for SetSysClock
    stm32f10x_gpio.o(i.GPIO_AFIODeInit) refers to stm32f10x_rcc.o(i.RCC_APB2PeriphResetCmd) for RCC_APB2PeriphResetCmd
    stm32f10x_gpio.o(i.GPIO_DeInit) refers to stm32f10x_rcc.o(i.RCC_APB2PeriphResetCmd) for RCC_APB2PeriphResetCmd
    stm32f10x_rcc.o(i.RCC_GetClocksFreq) refers to stm32f10x_rcc.o(.data) for APBAHBPrescTable
    stm32f10x_rcc.o(i.RCC_WaitForHSEStartUp) refers to stm32f10x_rcc.o(i.RCC_GetFlagStatus) for RCC_GetFlagStatus
    stm32f10x_usart.o(i.USART_DeInit) refers to stm32f10x_rcc.o(i.RCC_APB2PeriphResetCmd) for RCC_APB2PeriphResetCmd
    stm32f10x_usart.o(i.USART_DeInit) refers to stm32f10x_rcc.o(i.RCC_APB1PeriphResetCmd) for RCC_APB1PeriphResetCmd
    stm32f10x_usart.o(i.USART_Init) refers to stm32f10x_rcc.o(i.RCC_GetClocksFreq) for RCC_GetClocksFreq
    stm32f10x_rtc.o(i.RTC_SetAlarm) refers to stm32f10x_rtc.o(i.RTC_EnterConfigMode) for RTC_EnterConfigMode
    stm32f10x_rtc.o(i.RTC_SetAlarm) refers to stm32f10x_rtc.o(i.RTC_ExitConfigMode) for RTC_ExitConfigMode
    stm32f10x_rtc.o(i.RTC_SetCounter) refers to stm32f10x_rtc.o(i.RTC_EnterConfigMode) for RTC_EnterConfigMode
    stm32f10x_rtc.o(i.RTC_SetCounter) refers to stm32f10x_rtc.o(i.RTC_ExitConfigMode) for RTC_ExitConfigMode
    stm32f10x_rtc.o(i.RTC_SetPrescaler) refers to stm32f10x_rtc.o(i.RTC_EnterConfigMode) for RTC_EnterConfigMode
    stm32f10x_rtc.o(i.RTC_SetPrescaler) refers to stm32f10x_rtc.o(i.RTC_ExitConfigMode) for RTC_ExitConfigMode
    stm32f10x_bkp.o(i.BKP_DeInit) refers to stm32f10x_rcc.o(i.RCC_BackupResetCmd) for RCC_BackupResetCmd
[...]
    GpsAdd8Hour                              0x08006e0d   Thumb Code   214  gps.o(i.GpsAdd8Hour)
    GpsAntMonitor                            0x08006ee5   Thumb Code   194  systask.o(i.GpsAntMonitor)
    GpsCharFloatDataToHex                    0x08006fe9   Thumb Code   456  gps.o(i.GpsCharFloatDataToHex)
    GpsFrameCheck                            0x080071b9   Thumb Code    70  gps.o(i.GpsFrameCheck)
    GpsGetDate                               0x080071ff   Thumb Code   124  gps.o(i.GpsGetDate)
    GpsGetGprmcGpggaInfo                     0x0800727d   Thumb Code  1126  gps.o(i.GpsGetGprmcGpggaInfo)
    GpsGetTime                               0x08007769   Thumb Code   100  gps.o(i.GpsGetTime)
    GpsMain                                  0x080077cd   Thumb Code   388  gps.o(i.GpsMain)
    GpsMonitor                               0x08007979   Thumb Code   284  systask.o(i.GpsMonitor)
    GpsUartIsRxDone                          0x08007b0d   Thumb Code    56  driver.o(i.GpsUartIsRxDone)
    GpsUartParaInit                          0x08007b49   Thumb Code    14  driver.o(i.GpsUartParaInit)
    GsmCsqCheck                              0x08007b5d   Thumb Code    40  gprs.o(i.GsmCsqCheck)
    GsmCsqCheckMonitor                       0x08007b8d   Thumb Code    44  systask.o(i.GsmCsqCheckMonitor)
    GsmDisLcpAndIntoSleep                    0x08007bbd   Thumb Code    98  gprs.o(i.GsmDisLcpAndIntoSleep)
    GsmTelSmsProcess                         0x08007c29   Thumb Code   230  gprs.o(i.GsmTelSmsProcess)
    GsmVaryInit                              0x08007d75   Thumb Code    62  gprs.o(i.GsmVaryInit)
    HardFault_Handler                        0x08007dc1   Thumb Code     4  stm32f10x_it.o(i.HardFault_Handler)
    HexToAscii                               0x08007dc5   Thumb Code    74  selfdef.o(i.HexToAscii)
    IWDG_Enable                              0x08007e25   Thumb Code    10  stm32f10x_iwdg.o(i.IWDG_Enable)
    IWDG_ReloadCounter                       0x08007e35   Thumb Code    10  stm32f10x_iwdg.o(i.IWDG_ReloadCounter)
    IWDG_SetPrescaler                        0x08007e45   Thumb Code     6  stm32f10x_iwdg.o(i.IWDG_SetPrescaler)
    IWDG_SetReload                           0x08007e51   Thumb Code     6  stm32f10x_iwdg.o(i.IWDG_SetReload)
    IWDG_WriteAccessCmd                      0x08007e5d   Thumb Code     6  stm32f10x_iwdg.o(i.IWDG_WriteAccessCmd)
    IpHeadCheck                              0x08007e69   Thumb Code    58  ppp.o(i.IpHeadCheck)
    IpTx                                     0x08007ea5   Thumb Code   198  ppp.o(i.IpTx)
    IsValidAscii                             0x08007f75   Thumb Code    68  selfdef.o(i.IsValidAscii)
    IsValidChar                              0x08007fb9   Thumb Code    56  selfdef.o(i.IsValidChar)
    IsValidCharFloatNum                      0x08007ff1   Thumb Code    50  selfdef.o(i.IsValidCharFloatNum)
    IsValidNum                               0x08008023   Thumb Code    44  selfdef.o(i.IsValidNum)
    IsValidNumOrChar                         0x0800804f   Thumb Code    68  selfdef.o(i.IsValidNumOrChar)
    IsValidNumOrCharOrDot                    0x08008093   Thumb Code    74  selfdef.o(i.IsValidNumOrCharOrDot)
    IwdgInit                                 0x080080dd   Thumb Code    34  driver.o(i.IwdgInit)
    KeyDataSave                              0x08008101   Thumb Code    32  systask.o(i.KeyDataSave)
    LatLongPositionMonitor                   0x08008125   Thumb Code   144  systask.o(i.LatLongPositionMonitor)
    LocalCommDelay                           0x080081c5   Thumb Code   100  localcomm.o(i.LocalCommDelay)
    LocalCommFtpState                        0x0800822d   Thumb Code    50  localcomm.o(i.LocalCommFtpState)
    LocalCommGetSysState                     0x08008265   Thumb Code   388  localcomm.o(i.LocalCommGetSysState)
    LocalCommMain                            0x080083f9   Thumb Code     8  localcomm.o(i.LocalCommMain)
    LocalCommRx                              0x08008401   Thumb Code   412  localcomm.o(i.LocalCommRx)
    LocalCommTx                              0x080085a5   Thumb Code    88  localcomm.o(i.LocalCommTx)
    LocalDebug                               0x080085fd   Thumb Code    34  driver.o(i.LocalDebug)
    LocalUartFixedLenSend                    0x08008625   Thumb Code    42  driver.o(i.LocalUartFixedLenSend)
    LocalUartIsRxDone                        0x08008655   Thumb Code    56  driver.o(i.LocalUartIsRxDone)
    LocalUartParaInit                        0x08008691   Thumb Code    14  driver.o(i.LocalUartParaInit)
    LockRecord                               0x080086a5   Thumb Code    50  syspara.o(i.LockRecord)
    LockRecordRead                           0x080086dd   Thumb Code    20  syspara.o(i.LockRecordRead)
    LockRecordWrite                          0x080086f5   Thumb Code    20  syspara.o(i.LockRecordWrite)
    LongTimeDly                              0x0800870d   Thumb Code    30  selfdef.o(i.LongTimeDly)
    LsnalLockMonitor                         0x0800872d   Thumb Code   214  systask.o(i.LsnalLockMonitor)
    MemCmp                                   0x0800880d   Thumb Code    36  selfdef.o(i.MemCmp)
    MemCpy                                   0x08008831   Thumb Code    22  selfdef.o(i.MemCpy)
    MemManage_Handler                        0x08008847   Thumb Code     4  stm32f10x_it.o(i.MemManage_Handler)
    MeterUartIsRxDone                        0x0800884d   Thumb Code    56  driver.o(i.MeterUartIsRxDone)
    NMI_Handler                              0x08008889   Thumb Code     4  stm32f10x_it.o(i.NMI_Handler)
    NVIC_Init                                0x0800888d   Thumb Code   102  misc.o(i.NVIC_Init)
    PVD_IRQHandler                           0x08008901   Thumb Code    24  stm32f10x_it.o(i.PVD_IRQHandler)
    PWR_BackupAccessCmd                      0x08008919   Thumb Code     6  stm32f10x_pwr.o(i.PWR_BackupAccessCmd)
    PWR_EnterSTOPMode                        0x08008925   Thumb Code    54  stm32f10x_pwr.o(i.PWR_EnterSTOPMode)
    PWR_GetFlagStatus                        0x08008965   Thumb Code    20  stm32f10x_pwr.o(i.PWR_GetFlagStatus)
    PWR_PVDCmd                               0x0800897d   Thumb Code     6  stm32f10x_pwr.o(i.PWR_PVDCmd)
    PWR_PVDLevelConfig                       0x08008989   Thumb Code    18  stm32f10x_pwr.o(i.PWR_PVDLevelConfig)
    ParaCorrespond                           0x080089a1   Thumb Code    46  syspara.o(i.ParaCorrespond)
    ParaRecover                              0x080089d5   Thumb Code    34  syspara.o(i.ParaRecover)
    PendSV_Handler                           0x080089fd   Thumb Code     2  stm32f10x_it.o(i.PendSV_Handler)
    PowerMonitor                             0x08008a01   Thumb Code   192  systask.o(i.PowerMonitor)
    PppInit                                  0x08008b15   Thumb Code   168  ppp.o(i.PppInit)
    PppLcpAck                                0x08008bf9   Thumb Code    20  ppp.o(i.PppLcpAck)
    PppLcpNak                                0x08008c0d   Thumb Code    30  ppp.o(i.PppLcpNak)
    PppLcpProcess                            0x08008c35   Thumb Code   242  ppp.o(i.PppLcpProcess)
    PppLcpReq                                0x08008d41   Thumb Code    20  ppp.o(i.PppLcpReq)
    PppLcpTerminateAck                       0x08008d55   Thumb Code    20  ppp.o(i.PppLcpTerminateAck)
    PppMainProcess                           0x08008d69   Thumb Code   524  ppp.o(i.PppMainProcess)
    PppNcpAck                                0x08008f95   Thumb Code    20  ppp.o(i.PppNcpAck)
    PppNcpNak                                0x08008fa9   Thumb Code    42  ppp.o(i.PppNcpNak)
    PppNcpProcess                            0x08008fe5   Thumb Code   280  ppp.o(i.PppNcpProcess)
    PppNcpReq                                0x08009129   Thumb Code    20  ppp.o(i.PppNcpReq)
    PppPacketDecode                          0x0800913d   Thumb Code   142  ppp.o(i.PppPacketDecode)
    PppPacketEncode                          0x080091e5   Thumb Code   226  ppp.o(i.PppPacketEncode)
    PppPapProcess                            0x080092f1   Thumb Code    22  ppp.o(i.PppPapProcess)
    PppPapReq                                0x0800930d   Thumb Code   116  ppp.o(i.PppPapReq)
    PppTx                                    0x08009385   Thumb Code    96  ppp.o(i.PppTx)
    ProConstructFrameHead                    0x080093e5   Thumb Code   130  protocol.o(i.ProConstructFrameHead)
    ProConstructFrameTail                    0x08009471   Thumb Code    30  protocol.o(i.ProConstructFrameTail)
    ProDownAck                               0x08009491   Thumb Code   272  protocol.o(i.ProDownAck)
    ProDownCommParaAck                       0x080095b5   Thumb Code   146  protocol.o(i.ProDownCommParaAck)
    ProDownParaQuery                         0x08009655   Thumb Code    48  protocol.o(i.ProDownParaQuery)
    ProDownSetControlPara                    0x08009685   Thumb Code   162  protocol.o(i.ProDownSetControlPara)
    ProDownSetPara                           0x08009735   Thumb Code    58  protocol.o(i.ProDownSetPara)
    ProDownSetWorkPara                       0x08009775   Thumb Code    32  protocol.o(i.ProDownSetWorkPara)
    ProDownUpgrade                           0x08009795   Thumb Code   142  protocol.o(i.ProDownUpgrade)
    ProGetFromAccOnBuf                       0x0800984d   Thumb Code   108  protocol.o(i.ProGetFromAccOnBuf)
    ProLsnalDataInit                         0x080098bd   Thumb Code    36  protocol.o(i.ProLsnalDataInit)
    ProLsnalDataSave                         0x080098e5   Thumb Code   224  protocol.o(i.ProLsnalDataSave)
    ProLsnalHeadTailSave                     0x080099c9   Thumb Code    28  protocol.o(i.ProLsnalHeadTailSave)
    ProLsnalPageSave                         0x080099e9   Thumb Code   144  protocol.o(i.ProLsnalPageSave)
    ProLsnalSysExit                          0x08009a7d   Thumb Code   172  protocol.o(i.ProLsnalSysExit)
    ProPacket                                0x08009b2d   Thumb Code   388  protocol.o(i.ProPacket)
    ProParaInit                              0x08009cd9   Thumb Code   118  protocol.o(i.ProParaInit)
    ProPeriodTx                              0x08009d61   Thumb Code   394  protocol.o(i.ProPeriodTx)
    ProProcess                               0x08009f1d   Thumb Code   294  protocol.o(i.ProProcess)
    ProPutIntoAccOnBuf                       0x0800a069   Thumb Code    80  protocol.o(i.ProPutIntoAccOnBuf)
    ProPutIntoLsnal                          0x0800a0bd   Thumb Code   194  protocol.o(i.ProPutIntoLsnal)
    ProUpAccOnOff                            0x0800a195   Thumb Code    40  protocol.o(i.ProUpAccOnOff)
    ProUpAck                                 0x0800a1bd   Thumb Code    58  protocol.o(i.ProUpAck)
    ProUpAlarm                               0x0800a1f7   Thumb Code    46  protocol.o(i.ProUpAlarm)
    ProUpAquireCommPara                      0x0800a225   Thumb Code    30  protocol.o(i.ProUpAquireCommPara)
    ProUpControllerAck                       0x0800a243   Thumb Code    88  protocol.o(i.ProUpControllerAck)
    ProUpHeartBeat                           0x0800a29b   Thumb Code    18  protocol.o(i.ProUpHeartBeat)
    ProUpLatLongPosition                     0x0800a2ad   Thumb Code    22  protocol.o(i.ProUpLatLongPosition)
    ProUpLogin                               0x0800a2c3   Thumb Code    30  protocol.o(i.ProUpLogin)
    ProUpLsnalData                           0x0800a2e1   Thumb Code   290  protocol.o(i.ProUpLsnalData)
    ProUpPosition                            0x0800a411   Thumb Code    30  protocol.o(i.ProUpPosition)
    ProUpSleep                               0x0800a42f   Thumb Code    30  protocol.o(i.ProUpSleep)
    ProUpUpgradeResult                       0x0800a44d   Thumb Code    28  protocol.o(i.ProUpUpgradeResult)
    ProUpWorkPara                            0x0800a469   Thumb Code   318  protocol.o(i.ProUpWorkPara)
    ProUpWorkTimeStatistic                   0x0800a5b9   Thumb Code    22  protocol.o(i.ProUpWorkTimeStatistic)
    PvdInit                                  0x0800a5cf   Thumb Code    88  driver.o(i.PvdInit)
    QuerySysPrivatePara                      0x0800a629   Thumb Code   410  syspara.o(i.QuerySysPrivatePara)
    RCC_AHBPeriphClockCmd                    0x0800a7c9   Thumb Code    26  stm32f10x_rcc.o(i.RCC_AHBPeriphClockCmd)
    RCC_APB1PeriphClockCmd                   0x0800a7e9   Thumb Code    26  stm32f10x_rcc.o(i.RCC_APB1PeriphClockCmd)
    RCC_APB1PeriphResetCmd                   0x0800a809   Thumb Code    26  stm32f10x_rcc.o(i.RCC_APB1PeriphResetCmd)
    RCC_APB2PeriphClockCmd                   0x0800a829   Thumb Code    26  stm32f10x_rcc.o(i.RCC_APB2PeriphClockCmd)
    RCC_APB2PeriphResetCmd                   0x0800a849   Thumb Code    26  stm32f10x_rcc.o(i.RCC_APB2PeriphResetCmd)
    RCC_BackupResetCmd                       0x0800a869   Thumb Code     6  stm32f10x_rcc.o(i.RCC_BackupResetCmd)
    RCC_GetClocksFreq                        0x0800a875   Thumb Code   192  stm32f10x_rcc.o(i.RCC_GetClocksFreq)
    RCC_GetFlagStatus                        0x0800a949   Thumb Code    56  stm32f10x_rcc.o(i.RCC_GetFlagStatus)
    RCC_GetSYSCLKSource                      0x0800a985   Thumb Code    10  stm32f10x_rcc.o(i.RCC_GetSYSCLKSource)
    RCC_HSEConfig                            0x0800a995   Thumb Code    70  stm32f10x_rcc.o(i.RCC_HSEConfig)
    RCC_LSEConfig                            0x0800a9e1   Thumb Code    44  stm32f10x_rcc.o(i.RCC_LSEConfig)
    RCC_PLLCmd                               0x0800aa15   Thumb Code     6  stm32f10x_rcc.o(i.RCC_PLLCmd)
    RCC_RTCCLKCmd                            0x0800aa21   Thumb Code     6  stm32f10x_rcc.o(i.RCC_RTCCLKCmd)
    RCC_RTCCLKConfig                         0x0800aa2d   Thumb Code    12  stm32f10x_rcc.o(i.RCC_RTCCLKConfig)
    RCC_SYSCLKConfig                         0x0800aa3d   Thumb Code    18  stm32f10x_rcc.o(i.RCC_SYSCLKConfig)
    RCC_WaitForHSEStartUp                    0x0800aa55   Thumb Code    56  stm32f10x_rcc.o(i.RCC_WaitForHSEStartUp)
    RTCAlarm_IRQHandler                      0x0800aa8d   Thumb Code    32  stm32f10x_it.o(i.RTCAlarm_IRQHandler)
    RTC_ClearITPendingBit                    0x0800aaad   Thumb Code    12  stm32f10x_rtc.o(i.RTC_ClearITPendingBit)
    RTC_EnterConfigMode                      0x0800aabd   Thumb Code    14  stm32f10x_rtc.o(i.RTC_EnterConfigMode)
    RTC_ExitConfigMode                       0x0800aad1   Thumb Code    16  stm32f10x_rtc.o(i.RTC_ExitConfigMode)
    RTC_GetCounter                           0x0800aae5   Thumb Code    16  stm32f10x_rtc.o(i.RTC_GetCounter)
    RTC_GetITStatus                          0x0800aaf9   Thumb Code    32  stm32f10x_rtc.o(i.RTC_GetITStatus)
    RTC_IRQHandler                           0x0800ab1d   Thumb Code    80  stm32f10x_it.o(i.RTC_IRQHandler)
    RTC_ITConfig                             0x0800ab75   Thumb Code    26  stm32f10x_rtc.o(i.RTC_ITConfig)
    RTC_SetAlarm                             0x0800ab95   Thumb Code    24  stm32f10x_rtc.o(i.RTC_SetAlarm)
    RTC_SetCounter                           0x0800abb1   Thumb Code    24  stm32f10x_rtc.o(i.RTC_SetCounter)
    RTC_SetPrescaler                         0x0800abcd   Thumb Code    26  stm32f10x_rtc.o(i.RTC_SetPrescaler)
    RTC_WaitForLastTask                      0x0800abed   Thumb Code    14  stm32f10x_rtc.o(i.RTC_WaitForLastTask)
    RTC_WaitForSynchro                       0x0800ac01   Thumb Code    28  stm32f10x_rtc.o(i.RTC_WaitForSynchro)
    RamClear                                 0x0800ac21   Thumb Code    20  selfdef.o(i.RamClear)
    RamZero                                  0x0800ac35   Thumb Code    20  selfdef.o(i.RamZero)
    RingSmsMonitor                           0x0800ac49   Thumb Code   110  systask.o(i.RingSmsMonitor)
    RtcConfiguration                         0x0800acbd   Thumb Code   118  driver.o(i.RtcConfiguration)
    RtcGetCalendarTime                       0x0800ad33   Thumb Code    58  driver.o(i.RtcGetCalendarTime)
    RtcInit                                  0x0800ad6d   Thumb Code    60  driver.o(i.RtcInit)
    RtcSetCalendarTime                       0x0800ada9   Thumb Code    98  driver.o(i.RtcSetCalendarTime)
    SPI_Cmd                                  0x0800ae11   Thumb Code    24  stm32f10x_spi.o(i.SPI_Cmd)
    SPI_I2S_GetFlagStatus                    0x0800ae29   Thumb Code    18  stm32f10x_spi.o(i.SPI_I2S_GetFlagStatus)
    SPI_I2S_ReceiveData                      0x0800ae3b   Thumb Code     6  stm32f10x_spi.o(i.SPI_I2S_ReceiveData)
    SPI_I2S_SendData                         0x0800ae41   Thumb Code     4  stm32f10x_spi.o(i.SPI_I2S_SendData)
    SPI_Init                                 0x0800ae45   Thumb Code    60  stm32f10x_spi.o(i.SPI_Init)
    SVC_Handler                              0x0800ae81   Thumb Code     2  stm32f10x_it.o(i.SVC_Handler)
    SetAccStatistic                          0x0800ae85   Thumb Code    82  syspara.o(i.SetAccStatistic)
    SetApn                                   0x0800aedd   Thumb Code    90  syspara.o(i.SetApn)
    SetHardwareVersion                       0x0800af41   Thumb Code    98  syspara.o(i.SetHardwareVersion)
    SetLowVoltageAlarm                       0x0800afa9   Thumb Code    46  syspara.o(i.SetLowVoltageAlarm)
    SetLsnalLockEnableFlag                   0x0800afdd   Thumb Code    36  syspara.o(i.SetLsnalLockEnableFlag)
    SetLsnalLockPara                         0x0800b005   Thumb Code    54  syspara.o(i.SetLsnalLockPara)
    SetMasterIp                              0x0800b041   Thumb Code    86  syspara.o(i.SetMasterIp)
    SetMeterErrTimer                         0x0800b0a5   Thumb Code    56  syspara.o(i.SetMeterErrTimer)
    SetOverSpeed                             0x0800b0e1   Thumb Code    50  syspara.o(i.SetOverSpeed)
    SetPort                                  0x0800b119   Thumb Code    58  syspara.o(i.SetPort)
    SetSlaverIp                              0x0800b15d   Thumb Code    88  syspara.o(i.SetSlaverIp)
    SetSleepTimer                            0x0800b1c1   Thumb Code    64  syspara.o(i.SetSleepTimer)
    SetSmsAlarmCenterNum                     0x0800b205   Thumb Code    86  syspara.o(i.SetSmsAlarmCenterNum)
    SetSysPrivatePara                        0x0800b345   Thumb Code   428  syspara.o(i.SetSysPrivatePara)
    SetTerminalId                            0x0800b4f5   Thumb Code    66  syspara.o(i.SetTerminalId)
    SetTerminalPassword                      0x0800b541   Thumb Code    66  syspara.o(i.SetTerminalPassword)
    SetTerminalSerialNum                     0x0800b589   Thumb Code   102  syspara.o(i.SetTerminalSerialNum)
    SetWorkPara                              0x0800b5f5   Thumb Code    78  syspara.o(i.SetWorkPara)
    ShellMonitor                             0x0800b649   Thumb Code   164  systask.o(i.ShellMonitor)
    SimNumToTermId                           0x0800b72d   Thumb Code   132  sim.o(i.SimNumToTermId)
    SimSetSimNum                             0x0800b7b1   Thumb Code   120  sim.o(i.SimSetSimNum)
    SimTermIdToAsciiNum                      0x0800b831   Thumb Code    78  sim.o(i.SimTermIdToAsciiNum)
    SmsAckPacket                             0x0800b889   Thumb Code   270  sms.o(i.SmsAckPacket)
    SmsAnalysis                              0x0800b9dd   Thumb Code   550  sms.o(i.SmsAnalysis)
    SmsDecode7bit                            0x0800bc61   Thumb Code    80  sms.o(i.SmsDecode7bit)
    SmsDecode8bit                            0x0800bcb1   Thumb Code    26  sms.o(i.SmsDecode8bit)
    SmsDecodePdu                             0x0800bccd   Thumb Code   446  sms.o(i.SmsDecodePdu)
    SmsDecodeUcs2                            0x0800be95   Thumb Code    32  sms.o(i.SmsDecodeUcs2)
    SmsEncode7bit                            0x0800beb5   Thumb Code    66  sms.o(i.SmsEncode7bit)
    SmsEncode8bit                            0x0800bef7   Thumb Code    28  sms.o(i.SmsEncode8bit)
    SmsEncodePdu                             0x0800bf15   Thumb Code   220  sms.o(i.SmsEncodePdu)
    SmsEncodeUcs2                            0x0800bff5   Thumb Code    38  sms.o(i.SmsEncodeUcs2)
    SmsErrorAnalysis                         0x0800c01d   Thumb Code   308  sms.o(i.SmsErrorAnalysis)
    SmsLock                                  0x0800c171   Thumb Code    84  sms.o(i.SmsLock)
    SmsNumDecode                             0x0800c1cd   Thumb Code    50  sms.o(i.SmsNumDecode)
    SmsNumEncode                             0x0800c1ff   Thumb Code    84  sms.o(i.SmsNumEncode)
    SmsParaLen                               0x0800c253   Thumb Code    38  sms.o(i.SmsParaLen)
    SmsParaQuery                             0x0800c279   Thumb Code   560  sms.o(i.SmsParaQuery)
    SmsParaReInit                            0x0800c4c1   Thumb Code    52  sms.o(i.SmsParaReInit)
    SmsParaSet                               0x0800c4f9   Thumb Code   672  sms.o(i.SmsParaSet)
    SmsProcessFun                            0x0800c7a5   Thumb Code   194  sms.o(i.SmsProcessFun)
    SmsProgramUpgrade                        0x0800c87d   Thumb Code    56  sms.o(i.SmsProgramUpgrade)
    SmsTextDecode                            0x0800c8b5   Thumb Code    80  sms.o(i.SmsTextDecode)
    SmsTextEncode                            0x0800c905   Thumb Code   102  sms.o(i.SmsTextEncode)
    SmsTx                                    0x0800c96d   Thumb Code   174  sms.o(i.SmsTx)
    SmsUnlock                                0x0800ca35   Thumb Code    70  sms.o(i.SmsUnlock)
    SpeedMonitor                             0x0800ca81   Thumb Code   210  systask.o(i.SpeedMonitor)
    SpiFramInit                              0x0800cb95   Thumb Code   140  fram.o(i.SpiFramInit)
    SpiFramPageWrite                         0x0800cc29   Thumb Code   168  fram.o(i.SpiFramPageWrite)
    SpiFramRdByte                            0x0800ccd5   Thumb Code    48  fram.o(i.SpiFramRdByte)
    SpiFramRdRdsr                            0x0800cd09   Thumb Code    34  fram.o(i.SpiFramRdRdsr)
    SpiFramRead                              0x0800cd31   Thumb Code   236  fram.o(i.SpiFramRead)
    SpiFramWaitFree                          0x0800ce21   Thumb Code    26  fram.o(i.SpiFramWaitFree)
    SpiFramWrByte                            0x0800ce3d   Thumb Code    50  fram.o(i.SpiFramWrByte)
    SpiFramWrWren                            0x0800ce75   Thumb Code    30  fram.o(i.SpiFramWrWren)
    SpiFramWrite                             0x0800ce99   Thumb Code   126  fram.o(i.SpiFramWrite)
    StrLen                                   0x0800cf17   Thumb Code    32  selfdef.o(i.StrLen)
    SubMatch                                 0x0800cf37   Thumb Code    62  selfdef.o(i.SubMatch)
    SysBootParaRead                          0x0800cf75   Thumb Code    16  syspara.o(i.SysBootParaRead)
    SysBootParaWrite                         0x0800cf89   Thumb Code    32  syspara.o(i.SysBootParaWrite)
    SysClkConfigStop                         0x0800cfad   Thumb Code    54  driver.o(i.SysClkConfigStop)
    SysCommParaInit                          0x0800cfe5   Thumb Code   204  syspara.o(i.SysCommParaInit)
    SysDataRead                              0x0800d0f1   Thumb Code    22  syspara.o(i.SysDataRead)
    SysDataWrite                             0x0800d10d   Thumb Code    22  syspara.o(i.SysDataWrite)
    SysDelay                                 0x0800d129   Thumb Code    98  systask.o(i.SysDelay)
    SysKeyDataSave                           0x0800d191   Thumb Code    38  syspara.o(i.SysKeyDataSave)
    SysNoTaskDelay                           0x0800d1c1   Thumb Code    52  systask.o(i.SysNoTaskDelay)
    SysParaRead                              0x0800d1f9   Thumb Code   176  syspara.o(i.SysParaRead)
    SysPrivateParaInit                       0x0800d2b1   Thumb Code   106  syspara.o(i.SysPrivateParaInit)
    SysPrivateParaRead                       0x0800d325   Thumb Code    20  syspara.o(i.SysPrivateParaRead)
    SysPrivateParaWrite                      0x0800d33d   Thumb Code    34  syspara.o(i.SysPrivateParaWrite)
    SysReset                                 0x0800d365   Thumb Code    12  syspara.o(i.SysReset)
    SysSerialRead                            0x0800d371   Thumb Code    18  syspara.o(i.SysSerialRead)
    SysSerialWrite                           0x0800d389   Thumb Code    18  syspara.o(i.SysSerialWrite)
    SysTaskMain                              0x0800d3a1   Thumb Code   232  systask.o(i.SysTaskMain)
    SysTickDisable                           0x0800d49d   Thumb Code    18  driver.o(i.SysTickDisable)
    SysTickEnable                            0x0800d4af   Thumb Code    18  driver.o(i.SysTickEnable)
    SysTickInit                              0x0800d4c1   Thumb Code    88  driver.o(i.SysTickInit)
    SysTick_Handler                          0x0800d521   Thumb Code    66  stm32f10x_it.o(i.SysTick_Handler)
    SysVaryInit                              0x0800d571   Thumb Code   208  syspara.o(i.SysVaryInit)
    SysWorkParaInit                          0x0800d659   Thumb Code   128  syspara.o(i.SysWorkParaInit)
    SysWorkParaRead                          0x0800d6f9   Thumb Code    20  syspara.o(i.SysWorkParaRead)
    SysWorkParaWrite                         0x0800d711   Thumb Code    20  syspara.o(i.SysWorkParaWrite)
    SystemInit                               0x0800d729   Thumb Code    76  system_stm32f10x.o(i.SystemInit)
    TcpProcess                               0x0800d789   Thumb Code     2  ppp.o(i.TcpProcess)
    TcpUdpHeadCheck                          0x0800d78d   Thumb Code   142  ppp.o(i.TcpUdpHeadCheck)
    TermEnterSleep                           0x0800d821   Thumb Code   640  systask.o(i.TermEnterSleep)
    TermOffPwrAndPeriDeInit                  0x0800db0d   Thumb Code    80  systask.o(i.TermOffPwrAndPeriDeInit)
    TermOnPwrAndPeriReInit                   0x0800db71   Thumb Code   130  systask.o(i.TermOnPwrAndPeriReInit)
    TermReset                                0x0800dc11   Thumb Code    20  syspara.o(i.TermReset)
    TermReset2                               0x0800dc29   Thumb Code    20  syspara.o(i.TermReset2)
    TerminalHeart                            0x0800dc41   Thumb Code    56  systask.o(i.TerminalHeart)
    ThagDebugRead                            0x0800dc81   Thumb Code   176  localcomm.o(i.ThagDebugRead)
    ThagFtpFun                               0x0800dd35   Thumb Code   186  ftp.o(i.ThagFtpFun)
    TrailerMonitor                           0x0800ddf5   Thumb Code   300  systask.o(i.TrailerMonitor)
    U8SumCheck                               0x0800df5d   Thumb Code    28  selfdef.o(i.U8SumCheck)
    U8ToUint32                               0x0800df79   Thumb Code    24  selfdef.o(i.U8ToUint32)
    UART4_IRQHandler                         0x0800df91   Thumb Code    84  stm32f10x_it.o(i.UART4_IRQHandler)
    USART1_IRQHandler                        0x0800dfed   Thumb Code    66  stm32f10x_it.o(i.USART1_IRQHandler)
    USART2_IRQHandler                        0x0800e039   Thumb Code    66  stm32f10x_it.o(i.USART2_IRQHandler)
    USART3_IRQHandler                        0x0800e085   Thumb Code   110  stm32f10x_it.o(i.USART3_IRQHandler)
    USART_Cmd                                0x0800e105   Thumb Code    24  stm32f10x_usart.o(i.USART_Cmd)
    USART_DeInit                             0x0800e11d   Thumb Code   134  stm32f10x_usart.o(i.USART_DeInit)
    USART_GetFlagStatus                      0x0800e1b9   Thumb Code    26  stm32f10x_usart.o(i.USART_GetFlagStatus)
    USART_GetITStatus                        0x0800e1d3   Thumb Code    84  stm32f10x_usart.o(i.USART_GetITStatus)
    USART_ITConfig                           0x0800e227   Thumb Code    74  stm32f10x_usart.o(i.USART_ITConfig)
    USART_Init                               0x0800e271   Thumb Code   210  stm32f10x_usart.o(i.USART_Init)
    USART_ReceiveData                        0x0800e349   Thumb Code    10  stm32f10x_usart.o(i.USART_ReceiveData)
    USART_SendData                           0x0800e353   Thumb Code     8  stm32f10x_usart.o(i.USART_SendData)
    USB_LP_CAN1_RX0_IRQHandler               0x0800e35b   Thumb Code     8  stm32f10x_it.o(i.USB_LP_CAN1_RX0_IRQHandler)
    UdpIpPortInit                            0x0800e365   Thumb Code    56  ppp.o(i.UdpIpPortInit)
    UdpProcess                               0x0800e3a5   Thumb Code    16  ppp.o(i.UdpProcess)
    UdpTx                                    0x0800e3b5   Thumb Code   128  ppp.o(i.UdpTx)
    Uint32ToU8                               0x0800e439   Thumb Code    16  selfdef.o(i.Uint32ToU8)
    UnLockRecord                             0x0800e449   Thumb Code    16  syspara.o(i.UnLockRecord)
    UsageFault_Handler                       0x0800e45d   Thumb Code     4  stm32f10x_it.o(i.UsageFault_Handler)
    UsartGprsDeInit                          0x0800e461   Thumb Code    54  driver.o(i.UsartGprsDeInit)
    UsartInit                                0x0800e49d   Thumb Code   462  driver.o(i.UsartInit)
    VoltageMonitor                           0x0800e69d   Thumb Code   224  systask.o(i.VoltageMonitor)
    XorCheck                                 0x0800e7c5   Thumb Code    26  selfdef.o(i.XorCheck)
    _is_digit                                0x0800e7df   Thumb Code    14  __printf_wp.o(i._is_digit)
    main                                     0x0800e7ed   Thumb Code   182  main.o(i.main)
    serial_comm_struct                       0x0800e8c8   Data          92  syspara.o(.constdata)
    sys_const_para_struct                    0x0800e924   Data         128  syspara.o(.constdata)
    _monlen                                  0x0800ebe9   Data          12  _monlen.o(.constdata)
    Region$$Table$$Base                      0x0800ebf8   Number         0  anon$$obj.o(Region$$Table)
    Region$$Table$$Limit                     0x0800ec18   Number         0  anon$$obj.o(Region$$Table)
    g_gprs_usart_struct                      0x2000001a   Data           4  driver.o(.data)
    AT                                       0x20000024   Data           4  gprs.o(.data)
    AT_E0                                    0x20000028   Data           6  gprs.o(.data)
    AT_IPR                                   0x2000002e   Data          17  gprs.o(.data)
    AT_CIMI                                  0x2000003f   Data          10  gprs.o(.data)
    AT_CNUM                                  0x20000049   Data           9  gprs.o(.data)
    AT_CPBS_ON                               0x20000052   Data          14  gprs.o(.data)
    AT_CPBW                                  0x20000060   Data          11  gprs.o(.data)
    AT_IMEI                                  0x2000006b   Data          11  gprs.o(.data)
    AT_CSQ                                   0x20000076   Data           8  gprs.o(.data)
    AT_CREG                                  0x2000007e   Data          10  gprs.o(.data)
    AT_CGATT                                 0x20000088   Data          11  gprs.o(.data)
    AT_CGATT_1                               0x20000093   Data          12  gprs.o(.data)
    AT_CGATT_0                               0x2000009f   Data          12  gprs.o(.data)
    AT_CGDCONT                               0x200000ab   Data          19  gprs.o(.data)
    AT_ATD                                   0x200000be   Data          13  gprs.o(.data)
    AT_CMD_MODE                              0x200000cb   Data           4  gprs.o(.data)
    AT_GPRS_DATA_MODE                        0x200000cf   Data           5  gprs.o(.data)
    AT_CMGF                                  0x200000d4   Data          11  gprs.o(.data)
    AT_CMGL                                  0x200000df   Data          11  gprs.o(.data)
    AT_CMGS                                  0x200000ea   Data           9  gprs.o(.data)
    AT_CMGD                                  0x200000f3   Data          13  gprs.o(.data)
    AT_ATH                                   0x20000100   Data           5  gprs.o(.data)
    AT_SLEEP                                 0x20000105   Data          12  gprs.o(.data)
    AT_WAKE                                  0x20000111   Data          12  gprs.o(.data)
    AT_NULL                                  0x2000011d   Data           1  gprs.o(.data)
    OK_ACK                                   0x2000011e   Data           3  gprs.o(.data)
    CONNECT                                  0x20000121   Data           8  gprs.o(.data)
    CRLF_ACK                                 0x20000129   Data           3  gprs.o(.data)
    at_cmd_struct                            0x2000012c   Data         200  gprs.o(.data)
    at_cmd_process_fun_array                 0x200001f4   Data         100  gprs.o(.data)
    g_local_uart_struct                      0x20000294   Data          12  driver.o(.bss)
    g_gps_uart_struct                        0x200002a0   Data          12  driver.o(.bss)
    g_gprs_uart_struct                       0x200002ac   Data          12  driver.o(.bss)
    g_meter_uart_struct                      0x200002b8   Data          12  driver.o(.bss)
    local_uart_buf                           0x200002c4   Data         256  driver.o(.bss)
    gps_uart_buf                             0x200003c4   Data         256  driver.o(.bss)
    gprs_uart_buf                            0x200004c4   Data        4096  driver.o(.bss)
    meter_uart_buf                           0x200014c4   Data         256  driver.o(.bss)
    sys_serial_struct                        0x200015c4   Data          32  syspara.o(.bss)
    sys_boot_para_struct                     0x200015e4   Data          12  syspara.o(.bss)
    sys_private_para_struct                  0x200015f0   Data         240  syspara.o(.bss)
    sys_work_para_struct                     0x200016e0   Data          48  syspara.o(.bss)
    sys_misc_run_struct                      0x20001710   Data          48  syspara.o(.bss)
    sys_data_struct                          0x20001740   Data         764  syspara.o(.bss)
    lock_record_struct                       0x20001a3c   Data          11  syspara.o(.bss)
    gps_struct                               0x20001a47   Data         328  gps.o(.bss)
    gsm_misc_struct                          0x20001b90   Data          42  gprs.o(.bss)
    g_ppp_struct                             0x20001bbc   Data          76  ppp.o(.bss)
    udp_struct                               0x20001c08   Data          12  ppp.o(.bss)
    tcp_struct                               0x20001c14   Data          12  ppp.o(.bss)
    pro_struct                               0x20001c20   Data        3470  protocol.o(.bss)
    ftp_struct                               0x200029b0   Data         732  ftp.o(.bss)
    sms_struct                               0x20002c8c   Data          67  sms.o(.bss)
    can_struct                               0x20002ccf   Data         192  can.o(.bss)
    can_lock_struct                          0x20002d8f   Data          12  can.o(.bss)
    __libspace_start                         0x20002dc8   Data          96  libspace.o(.bss)
    __temporary_stack_top$libspace           0x20002e28   Data           0  libspace.o(.bss)



==============================================================================

Memory Map of the image

  Image Entry point : 0x08002131

  Load Region LR_IROM1 (Base: 0x08002000, Size: 0x0000ce9c, Max: 0x00020000, ABSOLUTE, COMPRESSED[0x0000cd90])

    Execution Region ER_IROM1 (Base: 0x08002000, Size: 0x0000cc18, Max: 0x00020000, ABSOLUTE)

    Base Addr    Size         Type   Attr      Idx    E Section Name        Object

    0x08002000   0x00000130   Data   RO            3    RESET               startup_stm32f10x_hd.o
    0x08002130   0x00000008   Code   RO         4757  * !!!main             c_w.l(__main.o)
    0x08002138   0x00000034   Code   RO         4932    !!!scatter          c_w.l(__scatter.o)
    0x0800216c   0x0000005a   Code   RO         4930    !!dczerorl2         c_w.l(__dczerorl2.o)
    0x080021c6   0x00000002   PAD
    0x080021c8   0x0000001c   Code   RO         4934    !!handler_zi        c_w.l(__scatter_zi.o)
    0x080021e4   0x00000000   Code   RO         4744    .ARM.Collect$$_printf_percent$$00000000  c_w.l(_printf_percent.o)
    0x080021e4   0x0000000a   Code   RO         4771    .ARM.Collect$$_printf_percent$$00000007  c_w.l(_printf_ll.o)
    0x080021ee   0x00000006   Code   RO         4742    .ARM.Collect$$_printf_percent$$00000009  c_w.l(_printf_d.o)
    0x080021f4   0x00000006   Code   RO         4743    .ARM.Collect$$_printf_percent$$0000000A  c_w.l(_printf_u.o)
    0x080021fa   0x00000006   Code   RO         4741    .ARM.Collect$$_printf_percent$$0000000C  c_w.l(_printf_x.o)
    0x08002200   0x00000006   Code   RO         4745    .ARM.Collect$$_printf_percent$$0000000F  c_w.l(_printf_llu.o)
    0x08002206   0x00000006   Code   RO         4739    .ARM.Collect$$_printf_percent$$00000013  c_w.l(_printf_c.o)
    0x0800220c   0x00000006   Code   RO         4740    .ARM.Collect$$_printf_percent$$00000014  c_w.l(_printf_s.o)
    0x08002212   0x00000004   Code   RO         4770    .ARM.Collect$$_printf_percent$$00000017  c_w.l(_printf_percent_end.o)
    0x08002216   0x00000002   Code   RO         4803    .ARM.Collect$$libinit$$00000000  c_w.l(libinit.o)
    0x08002218   0x00000000   Code   RO         4810    .ARM.Collect$$libinit$$00000002  c_w.l(libinit2.o)
    0x08002218   0x00000000   Code   RO         4813    .ARM.Collect$$libinit$$00000008  c_w.l(libinit2.o)
    0x08002218   0x00000000   Code   RO         4815    .ARM.Collect$$libinit$$0000000A  c_w.l(libinit2.o)
    0x08002218   0x00000000   Code   RO         4817    .ARM.Collect$$libinit$$0000000C  c_w.l(libinit2.o)
    0x08002218   0x00000000   Code   RO         4820    .ARM.Collect$$libinit$$0000000F  c_w.l(libinit2.o)
    0x08002218   0x00000000   Code   RO         4822    .ARM.Collect$$libinit$$00000011  c_w.l(libinit2.o)
    0x08002218   0x00000000   Code   RO         4824    .ARM.Collect$$libinit$$00000013  c_w.l(libinit2.o)
    0x08002218   0x00000000   Code   RO         4826    .ARM.Collect$$libinit$$00000015  c_w.l(libinit2.o)
    0x08002218   0x00000000   Code   RO         4828    .ARM.Collect$$libinit$$00000017  c_w.l(libinit2.o)
    0x08002218   0x00000000   Code   RO         4830    .ARM.Collect$$libinit$$00000019  c_w.l(libinit2.o)
    0x08002218   0x00000000   Code   RO         4832    .ARM.Collect$$libinit$$0000001B  c_w.l(libinit2.o)
    0x08002218   0x00000000   Code   RO         4834    .ARM.Collect$$libinit$$0000001D  c_w.l(libinit2.o)
    0x08002218   0x00000000   Code   RO         4836    .ARM.Collect$$libinit$$0000001F  c_w.l(libinit2.o)
    0x08002218   0x00000000   Code   RO         4838    .ARM.Collect$$libinit$$00000021  c_w.l(libinit2.o)
    0x08002218   0x00000000   Code   RO         4840    .ARM.Collect$$libinit$$00000023  c_w.l(libinit2.o)
    0x08002218   0x00000000   Code   RO         4844    .ARM.Collect$$libinit$$0000002A  c_w.l(libinit2.o)
    0x08002218   0x00000000   Code   RO         4846    .ARM.Collect$$libinit$$0000002C  c_w.l(libinit2.o)
    0x08002218   0x00000000   Code   RO         4848    .ARM.Collect$$libinit$$0000002E  c_w.l(libinit2.o)
    0x08002218   0x00000000   Code   RO         4850    .ARM.Collect$$libinit$$00000030  c_w.l(libinit2.o)
    0x08002218   0x00000002   Code   RO         4851    .ARM.Collect$$libinit$$00000031  c_w.l(libinit2.o)
    0x0800221a   0x00000002   Code   RO         4871    .ARM.Collect$$libshutdown$$00000000  c_w.l(libshutdown.o)
    0x0800221c   0x00000000   Code   RO         4885    .ARM.Collect$$libshutdown$$00000003  c_w.l(libshutdown2.o)
    0x0800221c   0x00000000   Code   RO         4888    .ARM.Collect$$libshutdown$$00000006  c_w.l(libshutdown2.o)
    0x0800221c   0x00000000   Code   RO         4891    .ARM.Collect$$libshutdown$$00000009  c_w.l(libshutdown2.o)
    0x0800221c   0x00000000   Code   RO         4893    .ARM.Collect$$libshutdown$$0000000B  c_w.l(libshutdown2.o)
    0x0800221c   0x00000000   Code   RO         4896    .ARM.Collect$$libshutdown$$0000000E  c_w.l(libshutdown2.o)
    0x0800221c   0x00000002   Code   RO         4897    .ARM.Collect$$libshutdown$$0000000F  c_w.l(libshutdown2.o)
    0x0800221e   0x00000000   Code   RO         4759    .ARM.Collect$$rtentry$$00000000  c_w.l(rtentry.o)
    0x0800221e   0x00000000   Code   RO         4776    .ARM.Collect$$rtentry$$00000002  c_w.l(rtentry2.o)
    0x0800221e   0x00000006   Code   RO         4788    .ARM.Collect$$rtentry$$00000004  c_w.l(rtentry4.o)
    0x08002224   0x00000000   Code   RO         4778    .ARM.Collect$$rtentry$$00000009  c_w.l(rtentry2.o)
    0x08002224   0x00000004   Code   RO         4779    .ARM.Collect$$rtentry$$0000000A  c_w.l(rtentry2.o)
    0x08002228   0x00000000   Code   RO         4781    .ARM.Collect$$rtentry$$0000000C  c_w.l(rtentry2.o)
    0x08002228   0x00000008   Code   RO         4782    .ARM.Collect$$rtentry$$0000000D  c_w.l(rtentry2.o)
    0x08002230   0x00000002   Code   RO         4807    .ARM.Collect$$rtexit$$00000000  c_w.l(rtexit.o)
    0x08002232   0x00000000   Code   RO         4853    .ARM.Collect$$rtexit$$00000002  c_w.l(rtexit2.o)
    0x08002232   0x00000004   Code   RO         4854    .ARM.Collect$$rtexit$$00000003  c_w.l(rtexit2.o)
    0x08002236   0x00000006   Code   RO         4855    .ARM.Collect$$rtexit$$00000004  c_w.l(rtexit2.o)
    0x0800223c   0x00000040   Code   RO            4    .text               startup_stm32f10x_hd.o
    0x0800227c   0x0000002c   Code   RO         4684    .text               c_w.l(__2sprintf.o)
    0x080022a8   0x00000052   Code   RO         4690    .text               c_w.l(_printf_pad.o)
    0x080022fa   0x00000052   Code   RO         4692    .text               c_w.l(_printf_str.o)
    0x0800234c   0x00000078   Code   RO         4694    .text               c_w.l(_printf_dec.o)
    0x080023c4   0x00000078   Code   RO         4696    .text               c_w.l(_printf_longlong_dec.o)
    0x0800243c   0x0000005c   Code   RO         4701    .text               c_w.l(_printf_hex_int.o)
    0x08002498   0x0000018c   Code   RO         4736    .text               c_w.l(__printf_flags_ss_wp.o)
    0x08002624   0x0000008a   Code   RO         4746    .text               c_w.l(rt_memcpy_v6.o)
    0x080026ae   0x00000064   Code   RO         4748    .text               c_w.l(rt_memcpy_w.o)
    0x08002712   0x00000002   PAD
    0x08002714   0x0000000c   Code   RO         4750    .text               c_w.l(localtime.o)
    0x08002720   0x000001a4   Code   RO         4753    .text               c_w.l(mktime.o)
    0x080028c4   0x00000006   Code   RO         4755    .text               c_w.l(heapauxi.o)
    0x080028ca   0x0000008a   Code   RO         4760    .text               c_w.l(lludiv10.o)
    0x08002954   0x000000b8   Code   RO         4762    .text               c_w.l(_printf_intcommon.o)
    0x08002a0c   0x00000030   Code   RO         4764    .text               c_w.l(_printf_char_common.o)
    0x08002a3c   0x0000000a   Code   RO         4766    .text               c_w.l(_sputc.o)
    0x08002a46   0x0000002c   Code   RO         4768    .text               c_w.l(_printf_char.o)
    0x08002a72   0x00000002   PAD
    0x08002a74   0x000000a4   Code   RO         4773    .text               c_w.l(localtime_internal.o)
    0x08002b18   0x0000004e   Code   RO         4792    .text               c_w.l(rt_memclr_w.o)
    0x08002b66   0x0000004a   Code   RO         4794    .text               c_w.l(sys_stackheap_outer.o)
    0x08002bb0   0x0000000c   Code   RO         4796    .text               c_w.l(exit.o)
    0x08002bbc   0x00000008   Code   RO         4804    .text               c_w.l(libspace.o)
    0x08002bc4   0x0000000c   Code   RO         4863    .text               c_w.l(sys_exit.o)
    0x08002bd0   0x00000002   Code   RO         4874    .text               c_w.l(use_no_semi.o)
    0x08002bd2   0x00000000   Code   RO         4876    .text               c_w.l(indicate_semi.o)
    0x08002bd2   0x00000016   Code   RO         1301    i.ADC_Cmd           stm32f10x_adc.o
    0x08002be8   0x00000016   Code   RO         1302    i.ADC_DMACmd        stm32f10x_adc.o
    0x08002bfe   0x00000014   Code   RO         1309    i.ADC_GetCalibrationStatus  stm32f10x_adc.o
    0x08002c12   0x00000014   Code   RO         1315    i.ADC_GetResetCalibrationStatus  stm32f10x_adc.o
    0x08002c26   0x00000002   PAD
    0x08002c28   0x00000050   Code   RO         1319    i.ADC_Init          stm32f10x_adc.o
    0x08002c78   0x000000b8   Code   RO         1323    i.ADC_RegularChannelConfig  stm32f10x_adc.o
    0x08002d30   0x0000000a   Code   RO         1324    i.ADC_ResetCalibration  stm32f10x_adc.o
    0x08002d3a   0x00000016   Code   RO         1326    i.ADC_SoftwareStartConvCmd  stm32f10x_adc.o
    0x08002d50   0x0000000a   Code   RO         1328    i.ADC_StartCalibration  stm32f10x_adc.o
    0x08002d5a   0x00000002   PAD
    0x08002d5c   0x000001dc   Code   RO         4092    i.AccMonitor        systask.o
    0x08002f38   0x000000e8   Code   RO         4093    i.AccOnOffDataAppend  systask.o
    0x08003020   0x00000044   Code   RO         4094    i.AccOnOffDataInit  systask.o
    0x08003064   0x00000050   Code   RO         4095    i.AccOnOffStatisticDataCheck  systask.o
    0x080030b4   0x0000006c   Code   RO         4096    i.AccOnOffStatisticDataSave  systask.o
    0x08003120   0x000000b8   Code   RO         2514    i.AdcInit           driver.o
    0x080031d8   0x00000030   Code   RO         3126    i.AsciiToHex        selfdef.o
    0x08003208   0x0000006a   Code   RO         3127    i.AsciiToHexVal     selfdef.o
    0x08003272   0x00000002   PAD
    0x08003274   0x00000018   Code   RO         3332    i.AtAdtFun          gprs.o
    0x0800328c   0x00000018   Code   RO         3333    i.AtAthFun          gprs.o
    0x080032a4   0x00000018   Code   RO         3334    i.AtCgatt0Fun       gprs.o
    0x080032bc   0x00000018   Code   RO         3335    i.AtCgatt1Fun       gprs.o
    0x080032d4   0x00000058   Code   RO         3336    i.AtCgattFun        gprs.o
    0x0800332c   0x00000018   Code   RO         3337    i.AtCgdcontFun      gprs.o
    0x08003344   0x00000168   Code   RO         3338    i.AtCimiFun         gprs.o
    0x080034ac   0x00000018   Code   RO         3339    i.AtCmdModeFun      gprs.o
    0x080034c4   0x00000018   Code   RO         3340    i.AtCmgdFun         gprs.o
    0x080034dc   0x00000018   Code   RO         3341    i.AtCmgfFun         gprs.o
    0x080034f4   0x00000050   Code   RO         3342    i.AtCmglFun         gprs.o
    0x08003544   0x00000018   Code   RO         3343    i.AtCmgsFun         gprs.o
    0x0800355c   0x000000b0   Code   RO         3344    i.AtCnumFun         gprs.o
    0x0800360c   0x00000018   Code   RO         3345    i.AtCpbsOnFun       gprs.o
    0x08003624   0x00000018   Code   RO         3346    i.AtCpbwFun         gprs.o
    0x0800363c   0x0000005c   Code   RO         3347    i.AtCregFun         gprs.o
    0x08003698   0x000000a0   Code   RO         3348    i.AtCsqFun          gprs.o
    0x08003738   0x00000018   Code   RO         3349    i.AtE0Fun           gprs.o
    0x08003750   0x00000018   Code   RO         3350    i.AtFun             gprs.o
    0x08003768   0x00000018   Code   RO         3351    i.AtGprsDataModeFun  gprs.o
    0x08003780   0x0000006c   Code   RO         3352    i.AtImeiFun         gprs.o
    0x080037ec   0x00000018   Code   RO         3353    i.AtIprFun          gprs.o
    0x08003804   0x00000018   Code   RO         3354    i.AtNullFun         gprs.o
    0x0800381c   0x00000018   Code   RO         3355    i.AtSleepFun        gprs.o
    0x08003834   0x00000018   Code   RO         3356    i.AtWakeFun         gprs.o
    0x0800384c   0x00000010   Code   RO          763    i.BKP_DeInit        stm32f10x_bkp.o
    0x0800385c   0x00000004   Code   RO         2316    i.BusFault_Handler  stm32f10x_it.o
    0x08003860   0x00000038   Code   RO         2123    i.CAN_DeInit        stm32f10x_can.o
    0x08003898   0x00000108   Code   RO         2125    i.CAN_FilterInit    stm32f10x_can.o
    0x080039a0   0x00000012   Code   RO         2131    i.CAN_ITConfig      stm32f10x_can.o
    0x080039b2   0x00000114   Code   RO         2132    i.CAN_Init          stm32f10x_can.o
    0x08003ac6   0x000000f0   Code   RO         2135    i.CAN_Receive       stm32f10x_can.o
    0x08003bb6   0x00000020   Code   RO         2138    i.CAN_StructInit    stm32f10x_can.o
    0x08003bd6   0x00000126   Code   RO         2140    i.CAN_Transmit      stm32f10x_can.o
    0x08003cfc   0x00000014   Code   RO         4537    i.CanDataInit       can.o
    0x08003d10   0x0000002c   Code   RO         4538    i.CanDataRead       can.o
    0x08003d3c   0x00000024   Code   RO         4539    i.CanDataWrite      can.o
    0x08003d60   0x0000003c   Code   RO         4540    i.CanDeInit         can.o
    0x08003d9c   0x00000056   Code   RO         4541    i.CanFilterInit     can.o
    0x08003df2   0x00000002   PAD
    0x08003df4   0x00000150   Code   RO         4542    i.CanInit           can.o
    0x08003f44   0x0000006c   Code   RO         4543    i.CanMain           can.o
    0x08003fb0   0x0000018c   Code   RO         4544    i.CanMonitor        can.o
    0x0800413c   0x00000020   Code   RO         4545    i.CanProcess        can.o
    0x0800415c   0x000001e0   Code   RO         4546    i.CanRx             can.o
    0x0800433c   0x000001e4   Code   RO         4547    i.CanTx             can.o
    0x08004520   0x00000038   Code   RO         4548    i.CanTxData         can.o
    0x08004558   0x0000003e   Code   RO         3128    i.Crc16Verify       selfdef.o
    0x08004596   0x00000002   PAD
    0x08004598   0x00000048   Code   RO         3129    i.CrcCheck          selfdef.o
    0x080045e0   0x0000009c   Code   RO         2317    i.DMA1_Channel1_IRQHandler  stm32f10x_it.o
    0x0800467c   0x0000001c   Code   RO         1224    i.DMA_ClearITPendingBit  stm32f10x_dma.o
    0x08004698   0x00000018   Code   RO         1225    i.DMA_Cmd           stm32f10x_dma.o
    0x080046b0   0x0000014c   Code   RO         1226    i.DMA_DeInit        stm32f10x_dma.o
    0x080047fc   0x0000002c   Code   RO         1228    i.DMA_GetFlagStatus  stm32f10x_dma.o
    0x08004828   0x00000012   Code   RO         1230    i.DMA_ITConfig      stm32f10x_dma.o
    0x0800483a   0x0000003c   Code   RO         1231    i.DMA_Init          stm32f10x_dma.o
    0x08004876   0x00000002   PAD
    0x08004878   0x00000134   Code   RO         4097    i.DayChangeMonitor  systask.o
    0x080049ac   0x00000002   Code   RO         2318    i.DebugMon_Handler  stm32f10x_it.o
    0x080049ae   0x00000002   PAD
    0x080049b0   0x00000080   Code   RO         2515    i.DmaInit           driver.o
    0x08004a30   0x00000058   Code   RO         2516    i.DriverMain        driver.o
    0x08004a88   0x00000070   Code   RO         2319    i.EXTI15_10_IRQHandler  stm32f10x_it.o
    0x08004af8   0x0000007c   Code   RO         2320    i.EXTI9_5_IRQHandler  stm32f10x_it.o
    0x08004b74   0x0000000c   Code   RO         2066    i.EXTI_ClearITPendingBit  stm32f10x_exti.o
    0x08004b80   0x00000024   Code   RO         2067    i.EXTI_DeInit       stm32f10x_exti.o
    0x08004ba4   0x00000028   Code   RO         2070    i.EXTI_GetITStatus  stm32f10x_exti.o
    0x08004bcc   0x00000094   Code   RO         2071    i.EXTI_Init         stm32f10x_exti.o
    0x08004c60   0x00000010   Code   RO         2072    i.EXTI_StructInit   stm32f10x_exti.o
    0x08004c70   0x000000d4   Code   RO         2517    i.ExitInit          driver.o
    0x08004d44   0x0000004c   Code   RO         1054    i.FLASH_ErasePage   stm32f10x_flash.o
    0x08004d90   0x00000034   Code   RO         1055    i.FLASH_GetBank1Status  stm32f10x_flash.o
    0x08004dc4   0x00000014   Code   RO         1064    i.FLASH_Lock        stm32f10x_flash.o
    0x08004dd8   0x0000006c   Code   RO         1069    i.FLASH_ProgramWord  stm32f10x_flash.o
    0x08004e44   0x00000018   Code   RO         1072    i.FLASH_Unlock      stm32f10x_flash.o
    0x08004e5c   0x00000026   Code   RO         1076    i.FLASH_WaitForLastOperation  stm32f10x_flash.o
    0x08004e82   0x00000002   PAD
    0x08004e84   0x00000038   Code   RO         2518    i.FeedWtd           driver.o
    0x08004ebc   0x00000022   Code   RO         4002    i.FlashErase        flash.o
    0x08004ede   0x0000001e   Code   RO         4003    i.FlashRead         flash.o
    0x08004efc   0x0000004c   Code   RO         4004    i.FlashWrite        flash.o
    0x08004f48   0x000001ec   Code   RO         4255    i.FtpAddrAnalysis   ftp.o
    0x08005134   0x00000084   Code   RO         4256    i.FtpConnect        ftp.o
    0x080051b8   0x0000007c   Code   RO         4257    i.FtpDelay          ftp.o
    0x08005234   0x000000a0   Code   RO         4258    i.FtpFileSave       ftp.o
    0x080052d4   0x00000026   Code   RO         4259    i.FtpFun            ftp.o
    0x080052fa   0x00000002   PAD
    0x080052fc   0x000000d0   Code   RO         4260    i.FtpGetFile        ftp.o
    0x080053cc   0x000000f8   Code   RO         4261    i.FtpGetSize        ftp.o
    0x080054c4   0x00000084   Code   RO         4262    i.FtpIpPortInit     ftp.o
    0x08005548   0x00000158   Code   RO         4263    i.FtpMain           ftp.o
    0x080056a0   0x000001ec   Code   RO         4264    i.FtpProcess        ftp.o
    0x0800588c   0x00000048   Code   RO         4265    i.FtpTerminate      ftp.o
    0x080058d4   0x00000128   Code   RO         4266    i.FtpTx             ftp.o
    0x080059fc   0x000000b0   Code   RO         4267    i.FtpTxCwd          ftp.o
    0x08005aac   0x000000a0   Code   RO         4268    i.FtpTxPassword     ftp.o
    0x08005b4c   0x000000f0   Code   RO         4269    i.FtpTxPasv         ftp.o
    0x08005c3c   0x0000006c   Code   RO         4270    i.FtpTxTypeI        ftp.o
    0x08005ca8   0x000000a0   Code   RO         4271    i.FtpTxUserName     ftp.o
    0x08005d48   0x00000112   Code   RO          143    i.GPIO_Init         stm32f10x_gpio.o
    0x08005e5a   0x00000012   Code   RO          147    i.GPIO_ReadInputDataBit  stm32f10x_gpio.o
    0x08005e6c   0x00000004   Code   RO          150    i.GPIO_ResetBits    stm32f10x_gpio.o
    0x08005e70   0x00000004   Code   RO          151    i.GPIO_SetBits      stm32f10x_gpio.o
    0x08005e74   0x00000028   Code   RO         2741    i.GetAccAtatistic   syspara.o
    0x08005e9c   0x00000020   Code   RO         2742    i.GetApn            syspara.o
    0x08005ebc   0x0000018c   Code   RO         2519    i.GetGprsUartRxData  driver.o
    0x08006048   0x00000040   Code   RO         3271    i.GetGpsInfo        gps.o
    0x08006088   0x00000028   Code   RO         2520    i.GetGpsUartRxData  driver.o
    0x080060b0   0x00000038   Code   RO         2743    i.GetHardwareVersion  syspara.o
    0x080060e8   0x00000028   Code   RO         2521    i.GetLocalUartRxData  driver.o
    0x08006110   0x0000001c   Code   RO         2744    i.GetLowVoltageAlarm  syspara.o
    0x0800612c   0x00000014   Code   RO         2745    i.GetLsnalLockEnableFlag  syspara.o
    0x08006140   0x0000001c   Code   RO         2746    i.GetLsnalLockPara  syspara.o
    0x0800615c   0x00000018   Code   RO         2747    i.GetMasterIp       syspara.o
    0x08006174   0x0000001c   Code   RO         2748    i.GetMeterErrTimer  syspara.o
    0x08006190   0x0000001c   Code   RO         2749    i.GetOverSpeed      syspara.o
    0x080061ac   0x0000001c   Code   RO         2750    i.GetPort           syspara.o
    0x080061c8   0x00000018   Code   RO         2751    i.GetSlaverIp       syspara.o
    0x080061e0   0x0000001c   Code   RO         2752    i.GetSleepTimer     syspara.o
    0x080061fc   0x00000020   Code   RO         2753    i.GetSmsAlarmCenterNum  syspara.o
    0x0800621c   0x00000020   Code   RO         2754    i.GetSoftWareVersion  syspara.o
    0x0800623c   0x00000018   Code   RO         2755    i.GetTerminalId     syspara.o
    0x08006254   0x00000030   Code   RO         2756    i.GetTerminalPassword  syspara.o
    0x08006284   0x00000038   Code   RO         2757    i.GetTerminalSerialNum  syspara.o
    0x080062bc   0x00000030   Code   RO         2758    i.GetWorkPara       syspara.o
    0x080062ec   0x00000258   Code   RO         2523    i.GpioInit          driver.o
    0x08006544   0x000001d8   Code   RO         3357    i.GprsAtInit        gprs.o
    0x0800671c   0x00000080   Code   RO         3358    i.GprsAutoBpr       gprs.o
    0x0800679c   0x00000080   Code   RO         3359    i.GprsDelay         gprs.o
    0x0800681c   0x000001b4   Code   RO         3360    i.GprsMain          gprs.o
    0x080069d0   0x00000064   Code   RO         4098    i.GprsMonitor       systask.o
    0x08006a34   0x00000030   Code   RO         3361    i.GprsParaInit      gprs.o
    0x08006a64   0x000000bc   Code   RO         3362    i.GprsPowerInit     gprs.o
    0x08006b20   0x0000013c   Code   RO         3363    i.GprsSendAtCmd     gprs.o
    0x08006c5c   0x00000084   Code   RO         3364    i.GprsSwitchAtMode  gprs.o
    0x08006ce0   0x00000084   Code   RO         3365    i.GprsSwitchGprsDataMode  gprs.o
    0x08006d64   0x00000030   Code   RO         2524    i.GprsUartFixedLenSend  driver.o
    0x08006d94   0x0000005c   Code   RO         2525    i.GprsUartIsRxDone  driver.o
    0x08006df0   0x0000001c   Code   RO         2526    i.GprsUartParaInit  driver.o
    0x08006e0c   0x000000d6   Code   RO         3272    i.GpsAdd8Hour       gps.o
    0x08006ee2   0x00000002   PAD
    0x08006ee4   0x00000104   Code   RO         4099    i.GpsAntMonitor     systask.o
    0x08006fe8   0x000001d0   Code   RO         3273    i.GpsCharFloatDataToHex  gps.o
    0x080071b8   0x00000046   Code   RO         3274    i.GpsFrameCheck     gps.o
    0x080071fe   0x0000007c   Code   RO         3275    i.GpsGetDate        gps.o
    0x0800727a   0x00000002   PAD
    0x0800727c   0x000004ec   Code   RO         3276    i.GpsGetGprmcGpggaInfo  gps.o
    0x08007768   0x00000064   Code   RO         3277    i.GpsGetTime        gps.o
    0x080077cc   0x000001ac   Code   RO         3278    i.GpsMain           gps.o
    0x08007978   0x00000194   Code   RO         4100    i.GpsMonitor        systask.o
    0x08007b0c   0x0000003c   Code   RO         2527    i.GpsUartIsRxDone   driver.o
    0x08007b48   0x00000014   Code   RO         2528    i.GpsUartParaInit   driver.o
    0x08007b5c   0x00000030   Code   RO         3366    i.GsmCsqCheck       gprs.o
    0x08007b8c   0x00000030   Code   RO         4101    i.GsmCsqCheckMonitor  systask.o
    0x08007bbc   0x0000006c   Code   RO         3367    i.GsmDisLcpAndIntoSleep  gprs.o
    0x08007c28   0x0000014c   Code   RO         3368    i.GsmTelSmsProcess  gprs.o
    0x08007d74   0x0000004c   Code   RO         3369    i.GsmVaryInit       gprs.o
    0x08007dc0   0x00000004   Code   RO         2321    i.HardFault_Handler  stm32f10x_it.o
    0x08007dc4   0x00000060   Code   RO         3130    i.HexToAscii        selfdef.o
    0x08007e24   0x00000010   Code   RO         2274    i.IWDG_Enable       stm32f10x_iwdg.o
    0x08007e34   0x00000010   Code   RO         2276    i.IWDG_ReloadCounter  stm32f10x_iwdg.o
    0x08007e44   0x0000000c   Code   RO         2277    i.IWDG_SetPrescaler  stm32f10x_iwdg.o
    0x08007e50   0x0000000c   Code   RO         2278    i.IWDG_SetReload    stm32f10x_iwdg.o
    0x08007e5c   0x0000000c   Code   RO         2279    i.IWDG_WriteAccessCmd  stm32f10x_iwdg.o
    0x08007e68   0x0000003a   Code   RO         3610    i.IpHeadCheck       ppp.o
    0x08007ea2   0x00000002   PAD
    0x08007ea4   0x000000d0   Code   RO         3611    i.IpTx              ppp.o
    0x08007f74   0x00000044   Code   RO         3131    i.IsValidAscii      selfdef.o
    0x08007fb8   0x00000038   Code   RO         3132    i.IsValidChar       selfdef.o
    0x08007ff0   0x00000032   Code   RO         3133    i.IsValidCharFloatNum  selfdef.o
    0x08008022   0x0000002c   Code   RO         3134    i.IsValidNum        selfdef.o
    0x0800804e   0x00000044   Code   RO         3135    i.IsValidNumOrChar  selfdef.o
    0x08008092   0x0000004a   Code   RO         3136    i.IsValidNumOrCharOrDot  selfdef.o
    0x080080dc   0x00000022   Code   RO         2530    i.IwdgInit          driver.o
    0x080080fe   0x00000002   PAD
    0x08008100   0x00000024   Code   RO         4102    i.KeyDataSave       systask.o
    0x08008124   0x000000a0   Code   RO         4103    i.LatLongPositionMonitor  systask.o
    0x080081c4   0x00000068   Code   RO         4622    i.LocalCommDelay    localcomm.o
    0x0800822c   0x00000038   Code   RO         4623    i.LocalCommFtpState  localcomm.o
    0x08008264   0x00000194   Code   RO         4624    i.LocalCommGetSysState  localcomm.o
    0x080083f8   0x00000008   Code   RO         4625    i.LocalCommMain     localcomm.o
    0x08008400   0x000001a4   Code   RO         4626    i.LocalCommRx       localcomm.o
    0x080085a4   0x00000058   Code   RO         4627    i.LocalCommTx       localcomm.o
    0x080085fc   0x00000028   Code   RO         2531    i.LocalDebug        driver.o
    0x08008624   0x00000030   Code   RO         2532    i.LocalUartFixedLenSend  driver.o
    0x08008654   0x0000003c   Code   RO         2533    i.LocalUartIsRxDone  driver.o
    0x08008690   0x00000014   Code   RO         2534    i.LocalUartParaInit  driver.o
    0x080086a4   0x00000038   Code   RO         2759    i.LockRecord        syspara.o
    0x080086dc   0x00000018   Code   RO         2760    i.LockRecordRead    syspara.o
    0x080086f4   0x00000018   Code   RO         2761    i.LockRecordWrite   syspara.o
    0x0800870c   0x0000001e   Code   RO         3138    i.LongTimeDly       selfdef.o
    0x0800872a   0x00000002   PAD
    0x0800872c   0x000000e0   Code   RO         4104    i.LsnalLockMonitor  systask.o
    0x0800880c   0x00000024   Code   RO         3139    i.MemCmp            selfdef.o
    0x08008830   0x00000016   Code   RO         3140    i.MemCpy            selfdef.o
    0x08008846   0x00000004   Code   RO         2322    i.MemManage_Handler  stm32f10x_it.o
    0x0800884a   0x00000002   PAD
    0x0800884c   0x0000003c   Code   RO         2536    i.MeterUartIsRxDone  driver.o
    0x08008888   0x00000004   Code   RO         2323    i.NMI_Handler       stm32f10x_it.o
    0x0800888c   0x00000074   Code   RO          635    i.NVIC_Init         misc.o
    0x08008900   0x00000018   Code   RO         2324    i.PVD_IRQHandler    stm32f10x_it.o
    0x08008918   0x0000000c   Code   RO          839    i.PWR_BackupAccessCmd  stm32f10x_pwr.o
    0x08008924   0x00000040   Code   RO          843    i.PWR_EnterSTOPMode  stm32f10x_pwr.o
    0x08008964   0x00000018   Code   RO          844    i.PWR_GetFlagStatus  stm32f10x_pwr.o
    0x0800897c   0x0000000c   Code   RO          845    i.PWR_PVDCmd        stm32f10x_pwr.o
    0x08008988   0x00000018   Code   RO          846    i.PWR_PVDLevelConfig  stm32f10x_pwr.o
    0x080089a0   0x00000034   Code   RO         2762    i.ParaCorrespond    syspara.o
    0x080089d4   0x00000028   Code   RO         2763    i.ParaRecover       syspara.o
    0x080089fc   0x00000002   Code   RO         2325    i.PendSV_Handler    stm32f10x_it.o
    0x080089fe   0x00000002   PAD
    0x08008a00   0x00000114   Code   RO         4105    i.PowerMonitor      systask.o
    0x08008b14   0x000000e4   Code   RO         3612    i.PppInit           ppp.o
    0x08008bf8   0x00000014   Code   RO         3613    i.PppLcpAck         ppp.o
    0x08008c0c   0x00000028   Code   RO         3614    i.PppLcpNak         ppp.o
    0x08008c34   0x0000010c   Code   RO         3615    i.PppLcpProcess     ppp.o
    0x08008d40   0x00000014   Code   RO         3616    i.PppLcpReq         ppp.o
    0x08008d54   0x00000014   Code   RO         3618    i.PppLcpTerminateAck  ppp.o
    0x08008d68   0x0000022c   Code   RO         3619    i.PppMainProcess    ppp.o
    0x08008f94   0x00000014   Code   RO         3620    i.PppNcpAck         ppp.o
    0x08008fa8   0x0000003c   Code   RO         3621    i.PppNcpNak         ppp.o
    0x08008fe4   0x00000144   Code   RO         3622    i.PppNcpProcess     ppp.o
    0x08009128   0x00000014   Code   RO         3623    i.PppNcpReq         ppp.o
    0x0800913c   0x000000a8   Code   RO         3624    i.PppPacketDecode   ppp.o
    0x080091e4   0x0000010c   Code   RO         3625    i.PppPacketEncode   ppp.o
    0x080092f0   0x0000001c   Code   RO         3626    i.PppPapProcess     ppp.o
    0x0800930c   0x00000078   Code   RO         3627    i.PppPapReq         ppp.o
    0x08009384   0x00000060   Code   RO         3628    i.PppTx             ppp.o
    0x080093e4   0x0000008c   Code   RO         3767    i.ProConstructFrameHead  protocol.o
    0x08009470   0x0000001e   Code   RO         3768    i.ProConstructFrameTail  protocol.o
    0x0800948e   0x00000002   PAD
    0x08009490   0x00000124   Code   RO         3769    i.ProDownAck        protocol.o
    0x080095b4   0x000000a0   Code   RO         3770    i.ProDownCommParaAck  protocol.o
    0x08009654   0x00000030   Code   RO         3771    i.ProDownParaQuery  protocol.o
    0x08009684   0x000000b0   Code   RO         3772    i.ProDownSetControlPara  protocol.o
    0x08009734   0x00000040   Code   RO         3773    i.ProDownSetPara    protocol.o
    0x08009774   0x00000020   Code   RO         3774    i.ProDownSetWorkPara  protocol.o
    0x08009794   0x000000b8   Code   RO         3776    i.ProDownUpgrade    protocol.o
    0x0800984c   0x00000070   Code   RO         3777    i.ProGetFromAccOnBuf  protocol.o
    0x080098bc   0x00000028   Code   RO         3778    i.ProLsnalDataInit  protocol.o
    0x080098e4   0x000000e4   Code   RO         3779    i.ProLsnalDataSave  protocol.o
    0x080099c8   0x00000020   Code   RO         3780    i.ProLsnalHeadTailSave  protocol.o
    0x080099e8   0x00000094   Code   RO         3781    i.ProLsnalPageSave  protocol.o
    0x08009a7c   0x000000b0   Code   RO         3782    i.ProLsnalSysExit   protocol.o
    0x08009b2c   0x000001ac   Code   RO         3783    i.ProPacket         protocol.o
    0x08009cd8   0x00000088   Code   RO         3784    i.ProParaInit       protocol.o
    0x08009d60   0x000001bc   Code   RO         3785    i.ProPeriodTx       protocol.o
    0x08009f1c   0x0000014c   Code   RO         3786    i.ProProcess        protocol.o
    0x0800a068   0x00000054   Code   RO         3787    i.ProPutIntoAccOnBuf  protocol.o
    0x0800a0bc   0x000000d8   Code   RO         3788    i.ProPutIntoLsnal   protocol.o
    0x0800a194   0x00000028   Code   RO         3789    i.ProUpAccOnOff     protocol.o
    0x0800a1bc   0x0000003a   Code   RO         3790    i.ProUpAck          protocol.o
    0x0800a1f6   0x0000002e   Code   RO         3791    i.ProUpAlarm        protocol.o
    0x0800a224   0x0000001e   Code   RO         3792    i.ProUpAquireCommPara  protocol.o
    0x0800a242   0x00000058   Code   RO         3793    i.ProUpControllerAck  protocol.o
    0x0800a29a   0x00000012   Code   RO         3795    i.ProUpHeartBeat    protocol.o
    0x0800a2ac   0x00000016   Code   RO         3796    i.ProUpLatLongPosition  protocol.o
    0x0800a2c2   0x0000001e   Code   RO         3797    i.ProUpLogin        protocol.o
    0x0800a2e0   0x00000130   Code   RO         3798    i.ProUpLsnalData    protocol.o
    0x0800a410   0x0000001e   Code   RO         3799    i.ProUpPosition     protocol.o
    0x0800a42e   0x0000001e   Code   RO         3800    i.ProUpSleep        protocol.o
    0x0800a44c   0x0000001c   Code   RO         3801    i.ProUpUpgradeResult  protocol.o
    0x0800a468   0x00000150   Code   RO         3802    i.ProUpWorkPara     protocol.o
    0x0800a5b8   0x00000016   Code   RO         3803    i.ProUpWorkTimeStatistic  protocol.o
    0x0800a5ce   0x00000058   Code   RO         2538    i.PvdInit           driver.o
    0x0800a626   0x00000002   PAD
    0x0800a628   0x000001a0   Code   RO         2764    i.QuerySysPrivatePara  syspara.o
    0x0800a7c8   0x00000020   Code   RO          256    i.RCC_AHBPeriphClockCmd  stm32f10x_rcc.o
    0x0800a7e8   0x00000020   Code   RO          257    i.RCC_APB1PeriphClockCmd  stm32f10x_rcc.o
    0x0800a808   0x00000020   Code   RO          258    i.RCC_APB1PeriphResetCmd  stm32f10x_rcc.o
    0x0800a828   0x00000020   Code   RO          259    i.RCC_APB2PeriphClockCmd  stm32f10x_rcc.o
    0x0800a848   0x00000020   Code   RO          260    i.RCC_APB2PeriphResetCmd  stm32f10x_rcc.o
    0x0800a868   0x0000000c   Code   RO          262    i.RCC_BackupResetCmd  stm32f10x_rcc.o
    0x0800a874   0x000000d4   Code   RO          267    i.RCC_GetClocksFreq  stm32f10x_rcc.o
    0x0800a948   0x0000003c   Code   RO          268    i.RCC_GetFlagStatus  stm32f10x_rcc.o
    0x0800a984   0x00000010   Code   RO          270    i.RCC_GetSYSCLKSource  stm32f10x_rcc.o
    0x0800a994   0x0000004c   Code   RO          272    i.RCC_HSEConfig     stm32f10x_rcc.o
    0x0800a9e0   0x00000034   Code   RO          275    i.RCC_LSEConfig     stm32f10x_rcc.o
    0x0800aa14   0x0000000c   Code   RO          280    i.RCC_PLLCmd        stm32f10x_rcc.o
    0x0800aa20   0x0000000c   Code   RO          282    i.RCC_RTCCLKCmd     stm32f10x_rcc.o
    0x0800aa2c   0x00000010   Code   RO          283    i.RCC_RTCCLKConfig  stm32f10x_rcc.o
    0x0800aa3c   0x00000018   Code   RO          284    i.RCC_SYSCLKConfig  stm32f10x_rcc.o
    0x0800aa54   0x00000038   Code   RO          286    i.RCC_WaitForHSEStartUp  stm32f10x_rcc.o
    0x0800aa8c   0x00000020   Code   RO         2326    i.RTCAlarm_IRQHandler  stm32f10x_it.o
    0x0800aaac   0x00000010   Code   RO          672    i.RTC_ClearITPendingBit  stm32f10x_rtc.o
    0x0800aabc   0x00000014   Code   RO          673    i.RTC_EnterConfigMode  stm32f10x_rtc.o
    0x0800aad0   0x00000014   Code   RO          674    i.RTC_ExitConfigMode  stm32f10x_rtc.o
    0x0800aae4   0x00000014   Code   RO          675    i.RTC_GetCounter    stm32f10x_rtc.o
    0x0800aaf8   0x00000024   Code   RO          678    i.RTC_GetITStatus   stm32f10x_rtc.o
    0x0800ab1c   0x00000058   Code   RO         2327    i.RTC_IRQHandler    stm32f10x_it.o
    0x0800ab74   0x00000020   Code   RO          679    i.RTC_ITConfig      stm32f10x_rtc.o
    0x0800ab94   0x0000001c   Code   RO          680    i.RTC_SetAlarm      stm32f10x_rtc.o
    0x0800abb0   0x0000001c   Code   RO          681    i.RTC_SetCounter    stm32f10x_rtc.o
    0x0800abcc   0x00000020   Code   RO          682    i.RTC_SetPrescaler  stm32f10x_rtc.o
    0x0800abec   0x00000014   Code   RO          683    i.RTC_WaitForLastTask  stm32f10x_rtc.o
    0x0800ac00   0x00000020   Code   RO          684    i.RTC_WaitForSynchro  stm32f10x_rtc.o
    0x0800ac20   0x00000014   Code   RO         3141    i.RamClear          selfdef.o
    0x0800ac34   0x00000014   Code   RO         3142    i.RamZero           selfdef.o
    0x0800ac48   0x00000074   Code   RO         4106    i.RingSmsMonitor    systask.o
    0x0800acbc   0x00000076   Code   RO         2539    i.RtcConfiguration  driver.o
    0x0800ad32   0x0000003a   Code   RO         2540    i.RtcGetCalendarTime  driver.o
    0x0800ad6c   0x0000003c   Code   RO         2541    i.RtcInit           driver.o
    0x0800ada8   0x00000068   Code   RO         2542    i.RtcSetCalendarTime  driver.o
    0x0800ae10   0x00000018   Code   RO          910    i.SPI_Cmd           stm32f10x_spi.o
    0x0800ae28   0x00000012   Code   RO          918    i.SPI_I2S_GetFlagStatus  stm32f10x_spi.o
    0x0800ae3a   0x00000006   Code   RO          921    i.SPI_I2S_ReceiveData  stm32f10x_spi.o
    0x0800ae40   0x00000004   Code   RO          922    i.SPI_I2S_SendData  stm32f10x_spi.o
    0x0800ae44   0x0000003c   Code   RO          923    i.SPI_Init          stm32f10x_spi.o
    0x0800ae80   0x00000002   Code   RO         2328    i.SVC_Handler       stm32f10x_it.o
    0x0800ae82   0x00000002   PAD
    0x0800ae84   0x00000058   Code   RO         2765    i.SetAccStatistic   syspara.o
    0x0800aedc   0x00000064   Code   RO         2766    i.SetApn            syspara.o
    0x0800af40   0x00000068   Code   RO         2767    i.SetHardwareVersion  syspara.o
    0x0800afa8   0x00000034   Code   RO         2768    i.SetLowVoltageAlarm  syspara.o
    0x0800afdc   0x00000028   Code   RO         2769    i.SetLsnalLockEnableFlag  syspara.o
    0x0800b004   0x0000003c   Code   RO         2770    i.SetLsnalLockPara  syspara.o
    0x0800b040   0x00000064   Code   RO         2771    i.SetMasterIp       syspara.o
    0x0800b0a4   0x0000003c   Code   RO         2772    i.SetMeterErrTimer  syspara.o
    0x0800b0e0   0x00000038   Code   RO         2773    i.SetOverSpeed      syspara.o
    0x0800b118   0x00000044   Code   RO         2774    i.SetPort           syspara.o
    0x0800b15c   0x00000064   Code   RO         2775    i.SetSlaverIp       syspara.o
    0x0800b1c0   0x00000044   Code   RO         2776    i.SetSleepTimer     syspara.o
    0x0800b204   0x0000005c   Code   RO         2777    i.SetSmsAlarmCenterNum  syspara.o
    0x0800b260   0x00000008   Code   RO           24    i.SetSysClock       system_stm32f10x.o
    0x0800b268   0x000000dc   Code   RO           25    i.SetSysClockTo72   system_stm32f10x.o
    0x0800b344   0x000001b0   Code   RO         2778    i.SetSysPrivatePara  syspara.o
    0x0800b4f4   0x0000004c   Code   RO         2779    i.SetTerminalId     syspara.o
    0x0800b540   0x00000048   Code   RO         2780    i.SetTerminalPassword  syspara.o
    0x0800b588   0x0000006c   Code   RO         2781    i.SetTerminalSerialNum  syspara.o
    0x0800b5f4   0x00000054   Code   RO         2782    i.SetWorkPara       syspara.o
    0x0800b648   0x000000e4   Code   RO         4107    i.ShellMonitor      systask.o
    0x0800b72c   0x00000084   Code   RO         3574    i.SimNumToTermId    sim.o
    0x0800b7b0   0x00000080   Code   RO         3576    i.SimSetSimNum      sim.o
    0x0800b830   0x00000058   Code   RO         3578    i.SimTermIdToAsciiNum  sim.o
    0x0800b888   0x00000154   Code   RO         4381    i.SmsAckPacket      sms.o
    0x0800b9dc   0x00000284   Code   RO         4382    i.SmsAnalysis       sms.o
    0x0800bc60   0x00000050   Code   RO         4383    i.SmsDecode7bit     sms.o
    0x0800bcb0   0x0000001a   Code   RO         4384    i.SmsDecode8bit     sms.o
    0x0800bcca   0x00000002   PAD
    0x0800bccc   0x000001c8   Code   RO         4385    i.SmsDecodePdu      sms.o
    0x0800be94   0x00000020   Code   RO         4386    i.SmsDecodeUcs2     sms.o
    0x0800beb4   0x00000042   Code   RO         4387    i.SmsEncode7bit     sms.o
    0x0800bef6   0x0000001c   Code   RO         4388    i.SmsEncode8bit     sms.o
    0x0800bf12   0x00000002   PAD
    0x0800bf14   0x000000e0   Code   RO         4389    i.SmsEncodePdu      sms.o
    0x0800bff4   0x00000026   Code   RO         4390    i.SmsEncodeUcs2     sms.o
    0x0800c01a   0x00000002   PAD
    0x0800c01c   0x00000154   Code   RO         4391    i.SmsErrorAnalysis  sms.o
    0x0800c170   0x0000005c   Code   RO         4392    i.SmsLock           sms.o
    0x0800c1cc   0x00000032   Code   RO         4393    i.SmsNumDecode      sms.o
    0x0800c1fe   0x00000054   Code   RO         4394    i.SmsNumEncode      sms.o
    0x0800c252   0x00000026   Code   RO         4395    i.SmsParaLen        sms.o
    0x0800c278   0x00000248   Code   RO         4396    i.SmsParaQuery      sms.o
    0x0800c4c0   0x00000038   Code   RO         4397    i.SmsParaReInit     sms.o
    0x0800c4f8   0x000002ac   Code   RO         4398    i.SmsParaSet        sms.o
    0x0800c7a4   0x000000d8   Code   RO         4399    i.SmsProcessFun     sms.o
    0x0800c87c   0x00000038   Code   RO         4400    i.SmsProgramUpgrade  sms.o
    0x0800c8b4   0x00000050   Code   RO         4401    i.SmsTextDecode     sms.o
    0x0800c904   0x00000066   Code   RO         4402    i.SmsTextEncode     sms.o
    0x0800c96a   0x00000002   PAD
    0x0800c96c   0x000000c8   Code   RO         4403    i.SmsTx             sms.o
    0x0800ca34   0x0000004c   Code   RO         4404    i.SmsUnlock         sms.o
    0x0800ca80   0x00000114   Code   RO         4108    i.SpeedMonitor      systask.o
    0x0800cb94   0x00000094   Code   RO         4026    i.SpiFramInit       fram.o
    0x0800cc28   0x000000ac   Code   RO         4027    i.SpiFramPageWrite  fram.o
    0x0800ccd4   0x00000034   Code   RO         4028    i.SpiFramRdByte     fram.o
    0x0800cd08   0x00000028   Code   RO         4029    i.SpiFramRdRdsr     fram.o
    0x0800cd30   0x000000f0   Code   RO         4030    i.SpiFramRead       fram.o
    0x0800ce20   0x0000001a   Code   RO         4031    i.SpiFramWaitFree   fram.o
    0x0800ce3a   0x00000002   PAD
    0x0800ce3c   0x00000038   Code   RO         4032    i.SpiFramWrByte     fram.o
    0x0800ce74   0x00000024   Code   RO         4034    i.SpiFramWrWren     fram.o
    0x0800ce98   0x0000007e   Code   RO         4035    i.SpiFramWrite      fram.o
    0x0800cf16   0x00000020   Code   RO         3143    i.StrLen            selfdef.o
    0x0800cf36   0x0000003e   Code   RO         3144    i.SubMatch          selfdef.o
    0x0800cf74   0x00000014   Code   RO         2783    i.SysBootParaRead   syspara.o
    0x0800cf88   0x00000024   Code   RO         2784    i.SysBootParaWrite  syspara.o
    0x0800cfac   0x00000036   Code   RO         2543    i.SysClkConfigStop  driver.o
    0x0800cfe2   0x00000002   PAD
    0x0800cfe4   0x0000010c   Code   RO         2785    i.SysCommParaInit   syspara.o
    0x0800d0f0   0x0000001c   Code   RO         2786    i.SysDataRead       syspara.o
    0x0800d10c   0x0000001c   Code   RO         2787    i.SysDataWrite      syspara.o
    0x0800d128   0x00000068   Code   RO         4109    i.SysDelay          systask.o
    0x0800d190   0x00000030   Code   RO         2788    i.SysKeyDataSave    syspara.o
    0x0800d1c0   0x00000038   Code   RO         4110    i.SysNoTaskDelay    systask.o
    0x0800d1f8   0x000000b8   Code   RO         2789    i.SysParaRead       syspara.o
    0x0800d2b0   0x00000074   Code   RO         2790    i.SysPrivateParaInit  syspara.o
    0x0800d324   0x00000018   Code   RO         2791    i.SysPrivateParaRead  syspara.o
    0x0800d33c   0x00000028   Code   RO         2792    i.SysPrivateParaWrite  syspara.o
    0x0800d364   0x0000000c   Code   RO         2793    i.SysReset          syspara.o
    0x0800d370   0x00000018   Code   RO         2794    i.SysSerialRead     syspara.o
    0x0800d388   0x00000018   Code   RO         2795    i.SysSerialWrite    syspara.o
    0x0800d3a0   0x000000fc   Code   RO         4111    i.SysTaskMain       systask.o
    0x0800d49c   0x00000012   Code   RO         2544    i.SysTickDisable    driver.o
    0x0800d4ae   0x00000012   Code   RO         2545    i.SysTickEnable     driver.o
    0x0800d4c0   0x00000060   Code   RO         2546    i.SysTickInit       driver.o
    0x0800d520   0x00000050   Code   RO         2329    i.SysTick_Handler   stm32f10x_it.o
    0x0800d570   0x000000e8   Code   RO         2796    i.SysVaryInit       syspara.o
    0x0800d658   0x000000a0   Code   RO         2797    i.SysWorkParaInit   syspara.o
    0x0800d6f8   0x00000018   Code   RO         2798    i.SysWorkParaRead   syspara.o
    0x0800d710   0x00000018   Code   RO         2799    i.SysWorkParaWrite  syspara.o
    0x0800d728   0x00000060   Code   RO           27    i.SystemInit        system_stm32f10x.o
    0x0800d788   0x00000002   Code   RO         3629    i.TcpProcess        ppp.o
    0x0800d78a   0x00000002   PAD
    0x0800d78c   0x00000094   Code   RO         3630    i.TcpUdpHeadCheck   ppp.o
    0x0800d820   0x000002ec   Code   RO         4112    i.TermEnterSleep    systask.o
    0x0800db0c   0x00000064   Code   RO         4113    i.TermOffPwrAndPeriDeInit  systask.o
    0x0800db70   0x000000a0   Code   RO         4114    i.TermOnPwrAndPeriReInit  systask.o
    0x0800dc10   0x00000018   Code   RO         2800    i.TermReset         syspara.o
    0x0800dc28   0x00000018   Code   RO         2801    i.TermReset2        syspara.o
    0x0800dc40   0x00000040   Code   RO         4115    i.TerminalHeart     systask.o
    0x0800dc80   0x000000b4   Code   RO         4628    i.ThagDebugRead     localcomm.o
    0x0800dd34   0x000000c0   Code   RO         4273    i.ThagFtpFun        ftp.o
    0x0800ddf4   0x00000168   Code   RO         4116    i.TrailerMonitor    systask.o
    0x0800df5c   0x0000001c   Code   RO         3145    i.U8SumCheck        selfdef.o
    0x0800df78   0x00000018   Code   RO         3146    i.U8ToUint32        selfdef.o
    0x0800df90   0x0000005c   Code   RO         2330    i.UART4_IRQHandler  stm32f10x_it.o
    0x0800dfec   0x0000004c   Code   RO         2331    i.USART1_IRQHandler  stm32f10x_it.o
    0x0800e038   0x0000004c   Code   RO         2332    i.USART2_IRQHandler  stm32f10x_it.o
    0x0800e084   0x00000080   Code   RO         2333    i.USART3_IRQHandler  stm32f10x_it.o
    0x0800e104   0x00000018   Code   RO          459    i.USART_Cmd         stm32f10x_usart.o
    0x0800e11c   0x0000009c   Code   RO          461    i.USART_DeInit      stm32f10x_usart.o
    0x0800e1b8   0x0000001a   Code   RO          462    i.USART_GetFlagStatus  stm32f10x_usart.o
    0x0800e1d2   0x00000054   Code   RO          463    i.USART_GetITStatus  stm32f10x_usart.o
    0x0800e226   0x0000004a   Code   RO          465    i.USART_ITConfig    stm32f10x_usart.o
    0x0800e270   0x000000d8   Code   RO          466    i.USART_Init        stm32f10x_usart.o
    0x0800e348   0x0000000a   Code   RO          473    i.USART_ReceiveData  stm32f10x_usart.o
    0x0800e352   0x00000008   Code   RO          476    i.USART_SendData    stm32f10x_usart.o
    0x0800e35a   0x00000008   Code   RO         2334    i.USB_LP_CAN1_RX0_IRQHandler  stm32f10x_it.o
    0x0800e362   0x00000002   PAD
    0x0800e364   0x00000040   Code   RO         3631    i.UdpIpPortInit     ppp.o
    0x0800e3a4   0x00000010   Code   RO         3632    i.UdpProcess        ppp.o
    0x0800e3b4   0x00000084   Code   RO         3633    i.UdpTx             ppp.o
    0x0800e438   0x00000010   Code   RO         3147    i.Uint32ToU8        selfdef.o
    0x0800e448   0x00000014   Code   RO         2802    i.UnLockRecord      syspara.o
    0x0800e45c   0x00000004   Code   RO         2335    i.UsageFault_Handler  stm32f10x_it.o
    0x0800e460   0x0000003c   Code   RO         2547    i.UsartGprsDeInit   driver.o
    0x0800e49c   0x00000200   Code   RO         2548    i.UsartInit         driver.o
    0x0800e69c   0x00000128   Code   RO         4117    i.VoltageMonitor    systask.o
    0x0800e7c4   0x0000001a   Code   RO         3148    i.XorCheck          selfdef.o
    0x0800e7de   0x0000000e   Code   RO         4729    i._is_digit         c_w.l(__printf_wp.o)
    0x0800e7ec   0x000000dc   Code   RO         4670    i.main              main.o
    0x0800e8c8   0x000000dc   Data   RO         2804    .constdata          syspara.o
    0x0800e9a4   0x00000200   Data   RO         3149    .constdata          selfdef.o
    0x0800eba4   0x0000000c   Data   RO         3371    .constdata          gprs.o
    0x0800ebb0   0x00000028   Data   RO         4702    .constdata          c_w.l(_printf_hex_int.o)
    0x0800ebd8   0x00000011   Data   RO         4737    .constdata          c_w.l(__printf_flags_ss_wp.o)
    0x0800ebe9   0x0000000c   Data   RO         4772    .constdata          c_w.l(_monlen.o)
    0x0800ebf5   0x00000003   PAD
    0x0800ebf8   0x00000020   Data   RO         4928    Region$$Table       anon$$obj.o


    Execution Region RW_IRAM1 (Base: 0x20000000, Size: 0x0000be28, Max: 0x00010000, ABSOLUTE, COMPRESSED[0x00000178])

    Base Addr    Size         Type   Attr      Idx    E Section Name        Object

    0x20000000   0x00000014   Data   RW          287    .data               stm32f10x_rcc.o
    0x20000014   0x00000001   Data   RW         2337    .data               stm32f10x_it.o
    0x20000015   0x00000001   PAD
    0x20000016   0x00000008   Data   RW         2550    .data               driver.o
    0x2000001e   0x00000004   Data   RW         3280    .data               gps.o
    0x20000022   0x00000002   PAD
    0x20000024   0x00000234   Data   RW         3372    .data               gprs.o
    0x20000258   0x00000002   Data   RW         3635    .data               ppp.o
    0x2000025a   0x00000002   Data   RW         3805    .data               protocol.o
    0x2000025c   0x00000020   Data   RW         4118    .data               systask.o
    0x2000027c   0x00000006   Data   RW         4550    .data               can.o
    0x20000282   0x00000002   PAD
    0x20000284   0x00000010   Zero   RW         2336    .bss                stm32f10x_it.o
    0x20000294   0x00001330   Zero   RW         2549    .bss                driver.o
    0x200015c4   0x00000483   Zero   RW         2803    .bss                syspara.o
    0x20001a47   0x00000148   Zero   RW         3279    .bss                gps.o
    0x20001b8f   0x00000001   PAD
    0x20001b90   0x0000002a   Zero   RW         3370    .bss                gprs.o
    0x20001bba   0x00000002   PAD
    0x20001bbc   0x00000064   Zero   RW         3634    .bss                ppp.o
    0x20001c20   0x00000d8e   Zero   RW         3804    .bss                protocol.o
    0x200029ae   0x00000002   PAD
    0x200029b0   0x000002dc   Zero   RW         4274    .bss                ftp.o
    0x20002c8c   0x00000043   Zero   RW         4405    .bss                sms.o
    0x20002ccf   0x000000cc   Zero   RW         4549    .bss                can.o
    0x20002d9b   0x00000001   PAD
    0x20002d9c   0x0000002c   Zero   RW         4751    .bss                c_w.l(localtime.o)
    0x20002dc8   0x00000060   Zero   RW         4805    .bss                c_w.l(libspace.o)
    0x20002e28   0x00001000   Zero   RW            2    HEAP                startup_stm32f10x_hd.o
    0x20003e28   0x00008000   Zero   RW            1    STACK               startup_stm32f10x_hd.o


==============================================================================

Image component sizes


      Code (inc. data)   RO Data    RW Data    ZI Data      Debug   Object Name

      2138        308          0          6        204       9982   can.o
         0          0          0          0          0       4316   core_cm3.o
      3440        224          0          8       4912      38498   driver.o
       140          0          0          0          0       2322   flash.o
       896         38          0          0          0       6656   fram.o
      3774        254          0          0        732      15087   ftp.o
      4040        628         12        564         42      28382   gprs.o
      2724        208          0          4        328       9239   gps.o
      1260         38          0          0          0       6388   localcomm.o
       220         38          0          0          0        611   main.o
       116         14          0          0          0       1064   misc.o
      2884        296          0          2        100      17518   ppp.o
      4584        360          0          2       3470      28324   protocol.o
      1060         26        512          0          0      14481   selfdef.o
       348         18          0          0          0       2538   sim.o
      4592        312          0          0         67      20312   sms.o
        64         26        304          0      36864        872   startup_stm32f10x_hd.o
       390         10          0          0          0       7613   stm32f10x_adc.o
        16          0          0          0          0        509   stm32f10x_bkp.o
      1180         12          0          0          0       5622   stm32f10x_can.o
       506         28          0          0          0       5317   stm32f10x_dma.o
       252         26          0          0          0       3252   stm32f10x_exti.o
       318         32          0          0          0       5002   stm32f10x_flash.o
       300          0          0          0          0       3764   stm32f10x_gpio.o
      1022         88          0          1         16      16032   stm32f10x_it.o
        68         30          0          0          0       2622   stm32f10x_iwdg.o
       136         32          0          0          0       2884   stm32f10x_pwr.o
       708        102          0         20          0      12050   stm32f10x_rcc.o
       284         52          0          0          0       5967   stm32f10x_rtc.o
       112          0          0          0          0       3962   stm32f10x_spi.o
       598         28          0          0          0       6948   stm32f10x_usart.o
      4336        490        220          0       1155      43550   syspara.o
      5540        972          0         32          0      17981   systask.o
       324         28          0          0          0     273221   system_stm32f10x.o

    ----------------------------------------------------------------------
     48424       4718       1080        644      47896     622886   Object Totals
         0          0         32          0          0          0   (incl. Generated)
        54          0          0          5          6          0   (incl. Padding)

    ----------------------------------------------------------------------

      Code (inc. data)   RO Data    RW Data    ZI Data      Debug   Library Member Name

        44          6          0          0          0         84   __2sprintf.o
        90          0          0          0          0          0   __dczerorl2.o
         8          0          0          0          0         68   __main.o
       396          6         17          0          0         92   __printf_flags_ss_wp.o
        14          0          0          0          0         68   __printf_wp.o
        52          8          0          0          0          0   __scatter.o
        28          0          0          0          0          0   __scatter_zi.o
         0          0         12          0          0          0   _monlen.o
         6          0          0          0          0          0   _printf_c.o
        44          0          0          0          0        108   _printf_char.o
        48          6          0          0          0         96   _printf_char_common.o
         6          0          0          0          0          0   _printf_d.o
       120         18          0          0          0         92   _printf_dec.o
        92          4         40          0          0         88   _printf_hex_int.o
       184          0          0          0          0         88   _printf_intcommon.o
        10          0          0          0          0          0   _printf_ll.o
         6          0          0          0          0          0   _printf_llu.o
       120         16          0          0          0         92   _printf_longlong_dec.o
        82          0          0          0          0        108   _printf_pad.o
         0          0          0          0          0          0   _printf_percent.o
         4          0          0          0          0          0   _printf_percent_end.o
         6          0          0          0          0          0   _printf_s.o
        82          0          0          0          0         80   _printf_str.o
         6          0          0          0          0          0   _printf_u.o
         6          0          0          0          0          0   _printf_x.o
        10          0          0          0          0         68   _sputc.o
        12          0          0          0          0         72   exit.o
         6          0          0          0          0        152   heapauxi.o
         0          0          0          0          0          0   indicate_semi.o
         2          0          0          0          0          0   libinit.o
         2          0          0          0          0          0   libinit2.o
         2          0          0          0          0          0   libshutdown.o
         2          0          0          0          0          0   libshutdown2.o
         8          4          0          0         96         68   libspace.o
       138          0          0          0          0         80   lludiv10.o
        12          6          0          0         44         68   localtime.o
       164          6          0          0          0         80   localtime_internal.o
       420          8          0          0          0        124   mktime.o
        78          0          0          0          0         80   rt_memclr_w.o
       138          0          0          0          0         68   rt_memcpy_v6.o
       100          0          0          0          0         80   rt_memcpy_w.o
         0          0          0          0          0          0   rtentry.o
        12          0          0          0          0          0   rtentry2.o
         6          0          0          0          0          0   rtentry4.o
         2          0          0          0          0          0   rtexit.o
        10          0          0          0          0          0   rtexit2.o
        12          4          0          0          0         68   sys_exit.o
        74          0          0          0          0         80   sys_stackheap_outer.o
         2          0          0          0          0         68   use_no_semi.o

    ----------------------------------------------------------------------
      2672         92         72          0        140       2220   Library Totals
         6          0          3          0          0          0   (incl. Padding)

    ----------------------------------------------------------------------

      Code (inc. data)   RO Data    RW Data    ZI Data      Debug   Library Name

      2666         92         69          0        140       2220   c_w.l

    ----------------------------------------------------------------------
      2672         92         72          0        140       2220   Library Totals

    ----------------------------------------------------------------------

==============================================================================


      Code (inc. data)   RO Data    RW Data    ZI Data      Debug   

     51096       4810       1152        644      48036     601446   Grand Totals
     51096       4810       1152        376      48036     601446   ELF Image Totals (compressed)
     51096       4810       1152        376          0          0   ROM Totals

==============================================================================

    Total RO  Size (Code + RO Data)                52248 (  51.02kB)
    Total RW  Size (RW Data + ZI Data)             48680 (  47.54kB)
    Total ROM Size (Code + RO Data + RW Data)      52624 (  51.39kB)

==============================================================================

