<html>
<body>
<pre>
<h1>礦ision Build Log</h1>
<h2>Project:</h2>
E:\工作\平地机\xgdl_tpj 24n app 2015 05 27\MDK_Project\Project.uvproj
Project File Date:  09/28/2015

<h2>Output:</h2>
Build target 'Target 1'
assembling startup_stm32f10x_hd.s...
compiling core_cm3.c...
compiling system_stm32f10x.c...
compiling stm32f10x_gpio.c...
compiling stm32f10x_rcc.c...
compiling stm32f10x_usart.c...
compiling misc.c...
compiling stm32f10x_rtc.c...
compiling stm32f10x_bkp.c...
compiling stm32f10x_pwr.c...
compiling stm32f10x_spi.c...
compiling stm32f10x_flash.c...
compiling stm32f10x_dma.c...
compiling stm32f10x_adc.c...
compiling stm32f10x_tim.c...
compiling stm32f10x_exti.c...
compiling stm32f10x_can.c...
compiling stm32f10x_iwdg.c...
compiling stm32f10x_it.c...
compiling driver.c...
compiling syspara.c...
compiling selfdef.c...
compiling gps.c...
compiling gprs.c...
compiling sim.c...
compiling ppp.c...
compiling protocol.c...
compiling flash.c...
compiling fram.c...
compiling systask.c...
..\src\systask.c(48): warning:  #550-D: variable "normal_wake_flag" was set but never used
compiling ftp.c...
compiling sms.c...
..\src\sms.c(272): warning:  #177-D: variable "bias_addr" was declared but never referenced
compiling can.c...
..\src\can.c(143): warning:  #177-D: variable "controller_para_tx_counter" was declared but never referenced
..\src\can.c(147): warning:  #177-D: variable "t3_id" was declared but never referenced
compiling localcomm.c...
compiling main.c...
linking...
Program Size: Code=50986 RO-data=1154 RW-data=644 ZI-data=48036  
FromELF: creating hex file...
User command #1: fromelf --bin --output .\Out\TIZA_XGDLPDJ_V31_150925.bin .\Out\Project.axf
".\Out\Project.axf" - 0 Error(s), 4 Warning(s).
Build target 'Target 1'
linking...
Program Size: Code=50986 RO-data=1154 RW-data=644 ZI-data=48036  
FromELF: creating hex file...
User command #1: fromelf --bin --output .\Out\TIZA_XGDLPDJ_V31_150925.bin .\Out\Project.axf
".\Out\Project.axf" - 0 Error(s), 0 Warning(s).
Load "E:\\工作\\平地机\\xgdl_tpj 24n app 2015 05 27\\MDK_Project\\Out\\Project.AXF" 
* JLink Info: Device "STM32F103VE" selected (512 KB flash, 64 KB RAM).
Set JLink Project File to "E:\工作\平地机\xgdl_tpj 24n app 2015 05 27\MDK_Project\JLinkSettings.ini"
 
JLink info:
------------
DLL: V4.56 , compiled Oct 22 2012 19:40:04
Firmware: J-Link ARM V8 compiled Nov 25 2013 19:20:08
Hardware: V8.00
S/N : 270676280 
Feature(s) : RDI,FlashDL,FlashBP,JFlash,GDBFULL 
 
* JLink Info: TotalIRLen = 9, IRPrint = 0x0011
* JLink Info: TotalIRLen = 9, IRPrint = 0x0011
* JLink Info: Found Cortex-M3 r1p1, Little endian.
* JLink Info: TPIU fitted.
* JLink Info: ETM fitted.
* JLink Info: FPUnit: 6 code (BP) slots and 2 literal slots
ROMTableAddr = 0xE00FF003
* JLink Info: Found Cortex-M3 r1p1, Little endian.
* JLink Info: TPIU fitted.
* JLink Info: ETM fitted.
* JLink Info: FPUnit: 6 code (BP) slots and 2 literal slots
 
Target info:
------------
Device: STM32F103VE
VTarget = 3.345V
State of Pins: 
TCK: 1, TDI: 0, TDO: 1, TMS: 0, TRES: 1, TRST: 1
Hardware-Breakpoints: 6
Software-Breakpoints: 8192
Watchpoints:          4
JTAG speed: 9600 kHz
 
Full Chip Erase Done.
Programming Done.
Verify OK.
Build target 'Target 1'
compiling system_stm32f10x.c...
compiling stm32f10x_it.c...
compiling driver.c...
compiling syspara.c...
compiling selfdef.c...
compiling gps.c...
compiling gprs.c...
compiling sim.c...
compiling ppp.c...
compiling protocol.c...
compiling flash.c...
compiling fram.c...
compiling systask.c...
compiling ftp.c...
compiling sms.c...
..\src\sms.c(272): warning:  #177-D: variable "bias_addr" was declared but never referenced
compiling can.c...
..\src\can.c(143): warning:  #177-D: variable "controller_para_tx_counter" was declared but never referenced
..\src\can.c(147): warning:  #177-D: variable "t3_id" was declared but never referenced
compiling localcomm.c...
compiling main.c...
linking...
Program Size: Code=51310 RO-data=1154 RW-data=644 ZI-data=48036  
FromELF: creating hex file...
User command #1: fromelf --bin --output .\Out\TIZA_XGDLPDJ_V31_150928.bin .\Out\Project.axf
".\Out\Project.axf" - 0 Error(s), 3 Warning(s).
Rebuild target 'Target 1'
assembling startup_stm32f10x_hd.s...
compiling core_cm3.c...
compiling system_stm32f10x.c...
compiling stm32f10x_gpio.c...
compiling stm32f10x_rcc.c...
compiling stm32f10x_usart.c...
compiling misc.c...
compiling stm32f10x_rtc.c...
compiling stm32f10x_bkp.c...
compiling stm32f10x_pwr.c...
compiling stm32f10x_spi.c...
compiling stm32f10x_flash.c...
compiling stm32f10x_dma.c...
compiling stm32f10x_adc.c...
compiling stm32f10x_tim.c...
compiling stm32f10x_exti.c...
compiling stm32f10x_can.c...
compiling stm32f10x_iwdg.c...
compiling stm32f10x_it.c...
compiling driver.c...
compiling syspara.c...
compiling selfdef.c...
compiling gps.c...
compiling gprs.c...
compiling sim.c...
compiling ppp.c...
compiling protocol.c...
compiling flash.c...
compiling fram.c...
compiling systask.c...
compiling ftp.c...
compiling sms.c...
..\src\sms.c(272): warning:  #177-D: variable "bias_addr" was declared but never referenced
compiling can.c...
..\src\can.c(143): warning:  #177-D: variable "controller_para_tx_counter" was declared but never referenced
..\src\can.c(147): warning:  #177-D: variable "t3_id" was declared but never referenced
compiling localcomm.c...
compiling main.c...
linking...
Program Size: Code=51310 RO-data=1154 RW-data=644 ZI-data=48036  
FromELF: creating hex file...
User command #1: fromelf --bin --output .\Out\TIZA_XGDLPDJ_V31_150928.bin .\Out\Project.axf
".\Out\Project.axf" - 0 Error(s), 3 Warning(s).
Build target 'Target 1'
linking...
Program Size: Code=51310 RO-data=1154 RW-data=644 ZI-data=48036  
FromELF: creating hex file...
User command #1: fromelf --bin --output .\Out\TIZA_XGDLPDJ_V31_150928.bin .\Out\Project.axf
".\Out\Project.axf" - 0 Error(s), 0 Warning(s).
Build target 'Target 1'
linking...
Program Size: Code=51310 RO-data=1154 RW-data=644 ZI-data=48036  
FromELF: creating hex file...
User command #1: fromelf --bin --output .\Out\TIZA_XGDLPDJ_V31_150928.bin .\Out\Project.axf
".\Out\Project.axf" - 0 Error(s), 0 Warning(s).
